Archive member included to satisfy reference by file (symbol)

c:/st/stm32cubeide_1.10.1/stm32cubeide/plugins/com.st.stm32cube.ide.mcu.externaltools.gnu-tools-for-stm32.10.3-2021.10.win32_1.0.0.202111181127/tools/bin/../lib/gcc/arm-none-eabi/10.3.1/../../../../arm-none-eabi/lib/thumb/v7-m/nofp\libm.a(lib_a-s_atan.o)
                              ./Core/Src/line_sensor.o (atan)
c:/st/stm32cubeide_1.10.1/stm32cubeide/plugins/com.st.stm32cube.ide.mcu.externaltools.gnu-tools-for-stm32.10.3-2021.10.win32_1.0.0.202111181127/tools/bin/../lib/gcc/arm-none-eabi/10.3.1/../../../../arm-none-eabi/lib/thumb/v7-m/nofp\libm.a(lib_a-s_cos.o)
                              ./Core/Src/control.o (cos)
c:/st/stm32cubeide_1.10.1/stm32cubeide/plugins/com.st.stm32cube.ide.mcu.externaltools.gnu-tools-for-stm32.10.3-2021.10.win32_1.0.0.202111181127/tools/bin/../lib/gcc/arm-none-eabi/10.3.1/../../../../arm-none-eabi/lib/thumb/v7-m/nofp\libm.a(lib_a-s_fabs.o)
                              c:/st/stm32cubeide_1.10.1/stm32cubeide/plugins/com.st.stm32cube.ide.mcu.externaltools.gnu-tools-for-stm32.10.3-2021.10.win32_1.0.0.202111181127/tools/bin/../lib/gcc/arm-none-eabi/10.3.1/../../../../arm-none-eabi/lib/thumb/v7-m/nofp\libm.a(lib_a-s_atan.o) (fabs)
c:/st/stm32cubeide_1.10.1/stm32cubeide/plugins/com.st.stm32cube.ide.mcu.externaltools.gnu-tools-for-stm32.10.3-2021.10.win32_1.0.0.202111181127/tools/bin/../lib/gcc/arm-none-eabi/10.3.1/../../../../arm-none-eabi/lib/thumb/v7-m/nofp\libm.a(lib_a-s_sin.o)
                              ./Core/Src/control.o (sin)
c:/st/stm32cubeide_1.10.1/stm32cubeide/plugins/com.st.stm32cube.ide.mcu.externaltools.gnu-tools-for-stm32.10.3-2021.10.win32_1.0.0.202111181127/tools/bin/../lib/gcc/arm-none-eabi/10.3.1/../../../../arm-none-eabi/lib/thumb/v7-m/nofp\libm.a(lib_a-e_rem_pio2.o)
                              c:/st/stm32cubeide_1.10.1/stm32cubeide/plugins/com.st.stm32cube.ide.mcu.externaltools.gnu-tools-for-stm32.10.3-2021.10.win32_1.0.0.202111181127/tools/bin/../lib/gcc/arm-none-eabi/10.3.1/../../../../arm-none-eabi/lib/thumb/v7-m/nofp\libm.a(lib_a-s_cos.o) (__ieee754_rem_pio2)
c:/st/stm32cubeide_1.10.1/stm32cubeide/plugins/com.st.stm32cube.ide.mcu.externaltools.gnu-tools-for-stm32.10.3-2021.10.win32_1.0.0.202111181127/tools/bin/../lib/gcc/arm-none-eabi/10.3.1/../../../../arm-none-eabi/lib/thumb/v7-m/nofp\libm.a(lib_a-k_cos.o)
                              c:/st/stm32cubeide_1.10.1/stm32cubeide/plugins/com.st.stm32cube.ide.mcu.externaltools.gnu-tools-for-stm32.10.3-2021.10.win32_1.0.0.202111181127/tools/bin/../lib/gcc/arm-none-eabi/10.3.1/../../../../arm-none-eabi/lib/thumb/v7-m/nofp\libm.a(lib_a-s_cos.o) (__kernel_cos)
c:/st/stm32cubeide_1.10.1/stm32cubeide/plugins/com.st.stm32cube.ide.mcu.externaltools.gnu-tools-for-stm32.10.3-2021.10.win32_1.0.0.202111181127/tools/bin/../lib/gcc/arm-none-eabi/10.3.1/../../../../arm-none-eabi/lib/thumb/v7-m/nofp\libm.a(lib_a-k_rem_pio2.o)
                              c:/st/stm32cubeide_1.10.1/stm32cubeide/plugins/com.st.stm32cube.ide.mcu.externaltools.gnu-tools-for-stm32.10.3-2021.10.win32_1.0.0.202111181127/tools/bin/../lib/gcc/arm-none-eabi/10.3.1/../../../../arm-none-eabi/lib/thumb/v7-m/nofp\libm.a(lib_a-e_rem_pio2.o) (__kernel_rem_pio2)
c:/st/stm32cubeide_1.10.1/stm32cubeide/plugins/com.st.stm32cube.ide.mcu.externaltools.gnu-tools-for-stm32.10.3-2021.10.win32_1.0.0.202111181127/tools/bin/../lib/gcc/arm-none-eabi/10.3.1/../../../../arm-none-eabi/lib/thumb/v7-m/nofp\libm.a(lib_a-k_sin.o)
                              c:/st/stm32cubeide_1.10.1/stm32cubeide/plugins/com.st.stm32cube.ide.mcu.externaltools.gnu-tools-for-stm32.10.3-2021.10.win32_1.0.0.202111181127/tools/bin/../lib/gcc/arm-none-eabi/10.3.1/../../../../arm-none-eabi/lib/thumb/v7-m/nofp\libm.a(lib_a-s_cos.o) (__kernel_sin)
c:/st/stm32cubeide_1.10.1/stm32cubeide/plugins/com.st.stm32cube.ide.mcu.externaltools.gnu-tools-for-stm32.10.3-2021.10.win32_1.0.0.202111181127/tools/bin/../lib/gcc/arm-none-eabi/10.3.1/../../../../arm-none-eabi/lib/thumb/v7-m/nofp\libm.a(lib_a-s_floor.o)
                              c:/st/stm32cubeide_1.10.1/stm32cubeide/plugins/com.st.stm32cube.ide.mcu.externaltools.gnu-tools-for-stm32.10.3-2021.10.win32_1.0.0.202111181127/tools/bin/../lib/gcc/arm-none-eabi/10.3.1/../../../../arm-none-eabi/lib/thumb/v7-m/nofp\libm.a(lib_a-k_rem_pio2.o) (floor)
c:/st/stm32cubeide_1.10.1/stm32cubeide/plugins/com.st.stm32cube.ide.mcu.externaltools.gnu-tools-for-stm32.10.3-2021.10.win32_1.0.0.202111181127/tools/bin/../lib/gcc/arm-none-eabi/10.3.1/../../../../arm-none-eabi/lib/thumb/v7-m/nofp\libm.a(lib_a-s_scalbn.o)
                              c:/st/stm32cubeide_1.10.1/stm32cubeide/plugins/com.st.stm32cube.ide.mcu.externaltools.gnu-tools-for-stm32.10.3-2021.10.win32_1.0.0.202111181127/tools/bin/../lib/gcc/arm-none-eabi/10.3.1/../../../../arm-none-eabi/lib/thumb/v7-m/nofp\libm.a(lib_a-k_rem_pio2.o) (scalbn)
[...]
Memory Configuration

Name             Origin             Length             Attributes
RAM              0x0000000020000000 0x0000000000005000 xrw
FLASH            0x0000000008000000 0x0000000000010000 xr
*default*        0x0000000000000000 0xffffffffffffffff

Linker script and memory map

LOAD c:/st/stm32cubeide_1.10.1/stm32cubeide/plugins/com.st.stm32cube.ide.mcu.externaltools.gnu-tools-for-stm32.10.3-2021.10.win32_1.0.0.202111181127/tools/bin/../lib/gcc/arm-none-eabi/10.3.1/thumb/v7-m/nofp/crti.o
LOAD c:/st/stm32cubeide_1.10.1/stm32cubeide/plugins/com.st.stm32cube.ide.mcu.externaltools.gnu-tools-for-stm32.10.3-2021.10.win32_1.0.0.202111181127/tools/bin/../lib/gcc/arm-none-eabi/10.3.1/thumb/v7-m/nofp/crtbegin.o
LOAD c:/st/stm32cubeide_1.10.1/stm32cubeide/plugins/com.st.stm32cube.ide.mcu.externaltools.gnu-tools-for-stm32.10.3-2021.10.win32_1.0.0.202111181127/tools/bin/../lib/gcc/arm-none-eabi/10.3.1/../../../../arm-none-eabi/lib/thumb/v7-m/nofp/crt0.o
LOAD ./Core/Src/color_sensor.o
LOAD ./Core/Src/control.o
LOAD ./Core/Src/line_sensor.o
LOAD ./Core/Src/main.o
LOAD ./Core/Src/motor.o
LOAD ./Core/Src/moving_average.o
LOAD ./Core/Src/pid.o
LOAD ./Core/Src/pid_controller.o
LOAD ./Core/Src/stm32f1xx_hal_msp.o
LOAD ./Core/Src/stm32f1xx_it.o
LOAD ./Core/Src/syscalls.o
LOAD ./Core/Src/sysmem.o
LOAD ./Core/Src/system_stm32f1xx.o
LOAD ./Core/Src/utils.o
LOAD ./Core/Startup/startup_stm32f103c8tx.o
LOAD ./Drivers/STM32F1xx_HAL_Driver/Src/stm32f1xx_hal.o
LOAD ./Drivers/STM32F1xx_HAL_Driver/Src/stm32f1xx_hal_adc.o
LOAD ./Drivers/STM32F1xx_HAL_Driver/Src/stm32f1xx_hal_adc_ex.o
LOAD ./Drivers/STM32F1xx_HAL_Driver/Src/stm32f1xx_hal_cortex.o
LOAD ./Drivers/STM32F1xx_HAL_Driver/Src/stm32f1xx_hal_dma.o
LOAD ./Drivers/STM32F1xx_HAL_Driver/Src/stm32f1xx_hal_exti.o
LOAD ./Drivers/STM32F1xx_HAL_Driver/Src/stm32f1xx_hal_flash.o
LOAD ./Drivers/STM32F1xx_HAL_Driver/Src/stm32f1xx_hal_flash_ex.o
LOAD ./Drivers/STM32F1xx_HAL_Driver/Src/stm32f1xx_hal_gpio.o
LOAD ./Drivers/STM32F1xx_HAL_Driver/Src/stm32f1xx_hal_gpio_ex.o
LOAD ./Drivers/STM32F1xx_HAL_Driver/Src/stm32f1xx_hal_pwr.o
LOAD ./Drivers/STM32F1xx_HAL_Driver/Src/stm32f1xx_hal_rcc.o
LOAD ./Drivers/STM32F1xx_HAL_Driver/Src/stm32f1xx_hal_rcc_ex.o
LOAD ./Drivers/STM32F1xx_HAL_Driver/Src/stm32f1xx_hal_tim.o
LOAD ./Drivers/STM32F1xx_HAL_Driver/Src/stm32f1xx_hal_tim_ex.o
START GROUP
LOAD c:/st/stm32cubeide_1.10.1/stm32cubeide/plugins/com.st.stm32cube.ide.mcu.externaltools.gnu-tools-for-stm32.10.3-2021.10.win32_1.0.0.202111181127/tools/bin/../lib/gcc/arm-none-eabi/10.3.1/../../../../arm-none-eabi/lib/thumb/v7-m/nofp\libstdc++_nano.a
LOAD c:/st/stm32cubeide_1.10.1/stm32cubeide/plugins/com.st.stm32cube.ide.mcu.externaltools.gnu-tools-for-stm32.10.3-2021.10.win32_1.0.0.202111181127/tools/bin/../lib/gcc/arm-none-eabi/10.3.1/../../../../arm-none-eabi/lib/thumb/v7-m/nofp\libsupc++_nano.a
END GROUP
LOAD c:/st/stm32cubeide_1.10.1/stm32cubeide/plugins/com.st.stm32cube.ide.mcu.externaltools.gnu-tools-for-stm32.10.3-2021.10.win32_1.0.0.202111181127/tools/bin/../lib/gcc/arm-none-eabi/10.3.1/../../../../arm-none-eabi/lib/thumb/v7-m/nofp\libstdc++_nano.a
LOAD c:/st/stm32cubeide_1.10.1/stm32cubeide/plugins/com.st.stm32cube.ide.mcu.externaltools.gnu-tools-for-stm32.10.3-2021.10.win32_1.0.0.202111181127/tools/bin/../lib/gcc/arm-none-eabi/10.3.1/../../../../arm-none-eabi/lib/thumb/v7-m/nofp\libm.a
LOAD c:/st/stm32cubeide_1.10.1/stm32cubeide/plugins/com.st.stm32cube.ide.mcu.externaltools.gnu-tools-for-stm32.10.3-2021.10.win32_1.0.0.202111181127/tools/bin/../lib/gcc/arm-none-eabi/10.3.1/../../../../arm-none-eabi/lib/thumb/v7-m/nofp\libc_nano.a
START GROUP
LOAD c:/st/stm32cubeide_1.10.1/stm32cubeide/plugins/com.st.stm32cube.ide.mcu.externaltools.gnu-tools-for-stm32.10.3-2021.10.win32_1.0.0.202111181127/tools/bin/../lib/gcc/arm-none-eabi/10.3.1/thumb/v7-m/nofp\libgcc.a
LOAD c:/st/stm32cubeide_1.10.1/stm32cubeide/plugins/com.st.stm32cube.ide.mcu.externaltools.gnu-tools-for-stm32.10.3-2021.10.win32_1.0.0.202111181127/tools/bin/../lib/gcc/arm-none-eabi/10.3.1/../../../../arm-none-eabi/lib/thumb/v7-m/nofp\libc_nano.a
END GROUP
START GROUP
LOAD c:/st/stm32cubeide_1.10.1/stm32cubeide/plugins/com.st.stm32cube.ide.mcu.externaltools.gnu-tools-for-stm32.10.3-2021.10.win32_1.0.0.202111181127/tools/bin/../lib/gcc/arm-none-eabi/10.3.1/thumb/v7-m/nofp\libgcc.a
LOAD c:/st/stm32cubeide_1.10.1/stm32cubeide/plugins/com.st.stm32cube.ide.mcu.externaltools.gnu-tools-for-stm32.10.3-2021.10.win32_1.0.0.202111181127/tools/bin/../lib/gcc/arm-none-eabi/10.3.1/../../../../arm-none-eabi/lib/thumb/v7-m/nofp\libc_nano.a
LOAD c:/st/stm32cubeide_1.10.1/stm32cubeide/plugins/com.st.stm32cube.ide.mcu.externaltools.gnu-tools-for-stm32.10.3-2021.10.win32_1.0.0.202111181127/tools/bin/../lib/gcc/arm-none-eabi/10.3.1/../../../../arm-none-eabi/lib/thumb/v7-m/nofp\libnosys.a
END GROUP
START GROUP
LOAD c:/st/stm32cubeide_1.10.1/stm32cubeide/plugins/com.st.stm32cube.ide.mcu.externaltools.gnu-tools-for-stm32.10.3-2021.10.win32_1.0.0.202111181127/tools/bin/../lib/gcc/arm-none-eabi/10.3.1/thumb/v7-m/nofp\libgcc.a
LOAD c:/st/stm32cubeide_1.10.1/stm32cubeide/plugins/com.st.stm32cube.ide.mcu.externaltools.gnu-tools-for-stm32.10.3-2021.10.win32_1.0.0.202111181127/tools/bin/../lib/gcc/arm-none-eabi/10.3.1/../../../../arm-none-eabi/lib/thumb/v7-m/nofp\libc_nano.a
LOAD c:/st/stm32cubeide_1.10.1/stm32cubeide/plugins/com.st.stm32cube.ide.mcu.externaltools.gnu-tools-for-stm32.10.3-2021.10.win32_1.0.0.202111181127/tools/bin/../lib/gcc/arm-none-eabi/10.3.1/../../../../arm-none-eabi/lib/thumb/v7-m/nofp\libnosys.a
END GROUP
LOAD c:/st/stm32cubeide_1.10.1/stm32cubeide/plugins/com.st.stm32cube.ide.mcu.externaltools.gnu-tools-for-stm32.10.3-2021.10.win32_1.0.0.202111181127/tools/bin/../lib/gcc/arm-none-eabi/10.3.1/thumb/v7-m/nofp/crtend.o
LOAD c:/st/stm32cubeide_1.10.1/stm32cubeide/plugins/com.st.stm32cube.ide.mcu.externaltools.gnu-tools-for-stm32.10.3-2021.10.win32_1.0.0.202111181127/tools/bin/../lib/gcc/arm-none-eabi/10.3.1/thumb/v7-m/nofp/crtn.o
                0x0000000020005000                _estack = (ORIGIN (RAM) + LENGTH (RAM))
                0x0000000000000200                _Min_Heap_Size = 0x200
                0x0000000000000400                _Min_Stack_Size = 0x400

.isr_vector     0x0000000008000000      0x10c
                0x0000000008000000                . = ALIGN (0x4)
 *(.isr_vector)
 .isr_vector    0x0000000008000000      0x10c ./Core/Startup/startup_stm32f103c8tx.o
                0x0000000008000000                g_pfnVectors
                0x000000000800010c                . = ALIGN (0x4)

.text           0x0000000008000110     0x7984
                0x0000000008000110                . = ALIGN (0x4)
 *(.text)
 .text          0x0000000008000110       0x40 c:/st/stm32cubeide_1.10.1/stm32cubeide/plugins/com.st.stm32cube.ide.mcu.externaltools.gnu-tools-for-stm32.10.3-2021.10.win32_1.0.0.202111181127/tools/bin/../lib/gcc/arm-none-eabi/10.3.1/thumb/v7-m/nofp/crtbegin.o
 .text          0x0000000008000150      0x378 c:/st/stm32cubeide_1.10.1/stm32cubeide/plugins/com.st.stm32cube.ide.mcu.externaltools.gnu-tools-for-stm32.10.3-2021.10.win32_1.0.0.202111181127/tools/bin/../lib/gcc/arm-none-eabi/10.3.1/thumb/v7-m/nofp\libgcc.a(_arm_addsubdf3.o)
                0x0000000008000150                __aeabi_drsub
                0x0000000008000158                __aeabi_dsub
                0x0000000008000158                __subdf3
                0x000000000800015c                __aeabi_dadd
                0x000000000800015c                __adddf3
                0x00000000080003d4                __floatunsidf
                0x00000000080003d4                __aeabi_ui2d
                0x00000000080003f4                __floatsidf
                0x00000000080003f4                __aeabi_i2d
                0x0000000008000418                __aeabi_f2d
                0x0000000008000418                __extendsfdf2
                0x000000000800045c                __floatundidf
                0x000000000800045c                __aeabi_ul2d
                0x000000000800046c                __floatdidf
                0x000000000800046c                __aeabi_l2d
 .text          0x00000000080004c8      0x424 c:/st/stm32cubeide_1.10.1/stm32cubeide/plugins/com.st.stm32cube.ide.mcu.externaltools.gnu-tools-for-stm32.10.3-2021.10.win32_1.0.0.202111181127/tools/bin/../lib/gcc/arm-none-eabi/10.3.1/thumb/v7-m/nofp\libgcc.a(_arm_muldivdf3.o)
                0x00000000080004c8                __aeabi_dmul
                0x00000000080004c8                __muldf3
                0x000000000800071c                __divdf3
                0x000000000800071c                __aeabi_ddiv
 .text          0x00000000080008ec      0x110 c:/st/stm32cubeide_1.10.1/stm32cubeide/plugins/com.st.stm32cube.ide.mcu.externaltools.gnu-tools-for-stm32.10.3-2021.10.win32_1.0.0.202111181127/tools/bin/../lib/gcc/arm-none-eabi/10.3.1/thumb/v7-m/nofp\libgcc.a(_arm_cmpdf2.o)
                0x00000000080008ec                __gtdf2
                0x00000000080008ec                __gedf2
                0x00000000080008f4                __ltdf2
                0x00000000080008f4                __ledf2
                0x00000000080008fc                __nedf2
                0x00000000080008fc                __eqdf2
                0x00000000080008fc                __cmpdf2
                0x0000000008000978                __aeabi_cdrcmple
                0x0000000008000988                __aeabi_cdcmpeq
                0x0000000008000988                __aeabi_cdcmple
                0x0000000008000998                __aeabi_dcmpeq
                0x00000000080009ac                __aeabi_dcmplt
                0x00000000080009c0                __aeabi_dcmple
                0x00000000080009d4                __aeabi_dcmpge
                0x00000000080009e8                __aeabi_dcmpgt
 .text          0x00000000080009fc       0x50 c:/st/stm32cubeide_1.10.1/stm32cubeide/plugins/com.st.stm32cube.ide.mcu.externaltools.gnu-tools-for-stm32.10.3-2021.10.win32_1.0.0.202111181127/tools/bin/../lib/gcc/arm-none-eabi/10.3.1/thumb/v7-m/nofp\libgcc.a(_arm_fixdfsi.o)
                0x00000000080009fc                __aeabi_d2iz
                0x00000000080009fc                __fixdfsi
 .text          0x0000000008000a4c       0xa0 c:/st/stm32cubeide_1.10.1/stm32cubeide/plugins/com.st.stm32cube.ide.mcu.externaltools.gnu-tools-for-stm32.10.3-2021.10.win32_1.0.0.202111181127/tools/bin/../lib/gcc/arm-none-eabi/10.3.1/thumb/v7-m/nofp\libgcc.a(_arm_truncdfsf2.o)
                0x0000000008000a4c                __truncdfsf2
                0x0000000008000a4c                __aeabi_d2f
 .text          0x0000000008000aec      0x21c c:/st/stm32cubeide_1.10.1/stm32cubeide/plugins/com.st.stm32cube.ide.mcu.externaltools.gnu-tools-for-stm32.10.3-2021.10.win32_1.0.0.202111181127/tools/bin/../lib/gcc/arm-none-eabi/10.3.1/thumb/v7-m/nofp\libgcc.a(_arm_addsubsf3.o)
                0x0000000008000aec                __aeabi_frsub
                0x0000000008000af4                __subsf3
                0x0000000008000af4                __aeabi_fsub
                0x0000000008000af8                __aeabi_fadd
                0x0000000008000af8                __addsf3
                0x0000000008000c58                __aeabi_ui2f
                0x0000000008000c58                __floatunsisf
                0x0000000008000c60                __aeabi_i2f
                0x0000000008000c60                __floatsisf
                0x0000000008000c7c                __aeabi_ul2f
                0x0000000008000c7c                __floatundisf
                0x0000000008000c8c                __aeabi_l2f
                0x0000000008000c8c                __floatdisf
 .text          0x0000000008000d08      0x2a0 c:/st/stm32cubeide_1.10.1/stm32cubeide/plugins/com.st.stm32cube.ide.mcu.externaltools.gnu-tools-for-stm32.10.3-2021.10.win32_1.0.0.202111181127/tools/bin/../lib/gcc/arm-none-eabi/10.3.1/thumb/v7-m/nofp\libgcc.a(_arm_muldivsf3.o)
                0x0000000008000d08                __mulsf3
                0x0000000008000d08                __aeabi_fmul
                0x0000000008000e70                __aeabi_fdiv
                0x0000000008000e70                __divsf3
 .text          0x0000000008000fa8       0xec c:/st/stm32cubeide_1.10.1/stm32cubeide/plugins/com.st.stm32cube.ide.mcu.externaltools.gnu-tools-for-stm32.10.3-2021.10.win32_1.0.0.202111181127/tools/bin/../lib/gcc/arm-none-eabi/10.3.1/thumb/v7-m/nofp\libgcc.a(_arm_cmpsf2.o)
                0x0000000008000fa8                __gesf2
                0x0000000008000fa8                __gtsf2
                0x0000000008000fb0                __lesf2
                0x0000000008000fb0                __ltsf2
                0x0000000008000fb8                __nesf2
                0x0000000008000fb8                __eqsf2
                0x0000000008000fb8                __cmpsf2
                0x0000000008001018                __aeabi_cfrcmple
                0x0000000008001020                __aeabi_cfcmpeq
                0x0000000008001020                __aeabi_cfcmple
                0x0000000008001030                __aeabi_fcmpeq
                0x0000000008001044                __aeabi_fcmplt
                0x0000000008001058                __aeabi_fcmple
                0x000000000800106c                __aeabi_fcmpge
                0x0000000008001080                __aeabi_fcmpgt
 .text          0x0000000008001094       0x4c c:/st/stm32cubeide_1.10.1/stm32cubeide/plugins/com.st.stm32cube.ide.mcu.externaltools.gnu-tools-for-stm32.10.3-2021.10.win32_1.0.0.202111181127/tools/bin/../lib/gcc/arm-none-eabi/10.3.1/thumb/v7-m/nofp\libgcc.a(_arm_fixsfsi.o)
                0x0000000008001094                __aeabi_f2iz
                0x0000000008001094                __fixsfsi
 .text          0x00000000080010e0       0x40 c:/st/stm32cubeide_1.10.1/stm32cubeide/plugins/com.st.stm32cube.ide.mcu.externaltools.gnu-tools-for-stm32.10.3-2021.10.win32_1.0.0.202111181127/tools/bin/../lib/gcc/arm-none-eabi/10.3.1/thumb/v7-m/nofp\libgcc.a(_arm_fixunssfsi.o)
                0x00000000080010e0                __fixunssfsi
                0x00000000080010e0                __aeabi_f2uiz
 *(.text*)
 .text.color_sensor_init
                0x0000000008001120       0x40 ./Core/Src/color_sensor.o
                0x0000000008001120                color_sensor_init
 .text.colorsensor_setFilter
                0x0000000008001160       0xb8 ./Core/Src/color_sensor.o
                0x0000000008001160                colorsensor_setFilter
 .text.colorsensor_detectColor
                0x0000000008001218       0x9c ./Core/Src/color_sensor.o
                0x0000000008001218                colorsensor_detectColor
 *fill*         0x00000000080012b4        0x4 
 .text.control_calculateWheelsRPM
                0x00000000080012b8      0x1c0 ./Core/Src/control.o
 .text.control_steerToBranch
                0x0000000008001478       0x58 ./Core/Src/control.o
 .text.control_lineTracking
                0x00000000080014d0      0x384 ./Core/Src/control.o
                0x00000000080014d0                control_lineTracking
 .text.linesensor_calculateYError
                0x0000000008001854       0x7c ./Core/Src/line_sensor.o
                0x0000000008001854                linesensor_calculateYError
 .text.linesensor_calulateAngleError
                0x00000000080018d0       0x90 ./Core/Src/line_sensor.o
 .text.linesensor_read
                0x0000000008001960      0x1dc ./Core/Src/line_sensor.o
                0x0000000008001960                linesensor_read
 .text.HAL_TIM_PeriodElapsedCallback
                0x0000000008001b3c       0xd8 ./Core/Src/main.o
                0x0000000008001b3c                HAL_TIM_PeriodElapsedCallback
 .text.HAL_TIM_IC_CaptureCallback
                0x0000000008001c14       0xf0 ./Core/Src/main.o
                0x0000000008001c14                HAL_TIM_IC_CaptureCallback
 .text.main     0x0000000008001d04      0x1b4 ./Core/Src/main.o
                0x0000000008001d04                main
 .text.SystemClock_Config
                0x0000000008001eb8       0x9e ./Core/Src/main.o
                0x0000000008001eb8                SystemClock_Config
 *fill*         0x0000000008001f56        0x2 
 .text.MX_ADC1_Init
                0x0000000008001f58       0xf0 ./Core/Src/main.o
 .text.MX_TIM1_Init
                0x0000000008002048      0x158 ./Core/Src/main.o
 .text.MX_TIM2_Init
                0x00000000080021a0       0xe0 ./Core/Src/main.o
 .text.MX_TIM3_Init
                0x0000000008002280       0xa8 ./Core/Src/main.o
 .text.MX_TIM4_Init
                0x0000000008002328       0xa8 ./Core/Src/main.o
 .text.MX_DMA_Init
                0x00000000080023d0       0x3c ./Core/Src/main.o
 .text.MX_GPIO_Init
                0x000000000800240c       0xc4 ./Core/Src/main.o
 .text.Error_Handler
                0x00000000080024d0        0xa ./Core/Src/main.o
                0x00000000080024d0                Error_Handler
 *fill*         0x00000000080024da        0x2 
 .text.motor_setDutyCycle
                0x00000000080024dc       0xa0 ./Core/Src/motor.o
 .text.motor_init
                0x000000000800257c       0x28 ./Core/Src/motor.o
                0x000000000800257c                motor_init
 .text.motor_stopMotor
                0x00000000080025a4       0x38 ./Core/Src/motor.o
                0x00000000080025a4                motor_stopMotor
 .text.motor_setMotorPWM
                0x00000000080025dc       0x7c ./Core/Src/motor.o
                0x00000000080025dc                motor_setMotorPWM
 .text.motor_readEncoder
                0x0000000008002658       0x34 ./Core/Src/motor.o
                0x0000000008002658                motor_readEncoder
 .text.motor_calculateRPM
                0x000000000800268c       0xcc ./Core/Src/motor.o
                0x000000000800268c                motor_calculateRPM
 .text.motor_odometry
                0x0000000008002758       0xa8 ./Core/Src/motor.o
                0x0000000008002758                motor_odometry
 .text.Moving_Average_Init
                0x0000000008002800       0x3c ./Core/Src/moving_average.o
                0x0000000008002800                Moving_Average_Init
 .text.Moving_Average_Compute
                0x000000000800283c       0x6c ./Core/Src/moving_average.o
                0x000000000800283c                Moving_Average_Compute
 .text.PIDInit  0x00000000080028a8       0x88 ./Core/Src/pid_controller.o
                0x00000000080028a8                PIDInit
 .text.PIDCompute
                0x0000000008002930      0x130 ./Core/Src/pid_controller.o
                0x0000000008002930                PIDCompute
 .text.PIDOutputLimitsSet
                0x0000000008002a60       0xa2 ./Core/Src/pid_controller.o
                0x0000000008002a60                PIDOutputLimitsSet
 .text.PIDTuningsSet
                0x0000000008002b02       0xb6 ./Core/Src/pid_controller.o
                0x0000000008002b02                PIDTuningsSet
 .text.HAL_MspInit
                0x0000000008002bb8       0x64 ./Core/Src/stm32f1xx_hal_msp.o
                0x0000000008002bb8                HAL_MspInit
 .text.HAL_ADC_MspInit
                0x0000000008002c1c       0xe0 ./Core/Src/stm32f1xx_hal_msp.o
                0x0000000008002c1c                HAL_ADC_MspInit
 .text.HAL_TIM_Base_MspInit
                0x0000000008002cfc       0xf0 ./Core/Src/stm32f1xx_hal_msp.o
                0x0000000008002cfc                HAL_TIM_Base_MspInit
 .text.HAL_TIM_Encoder_MspInit
                0x0000000008002dec       0xf8 ./Core/Src/stm32f1xx_hal_msp.o
                0x0000000008002dec                HAL_TIM_Encoder_MspInit
 .text.HAL_TIM_MspPostInit
                0x0000000008002ee4       0x68 ./Core/Src/stm32f1xx_hal_msp.o
                0x0000000008002ee4                HAL_TIM_MspPostInit
 .text.NMI_Handler
                0x0000000008002f4c        0x6 ./Core/Src/stm32f1xx_it.o
                0x0000000008002f4c                NMI_Handler
 .text.HardFault_Handler
                0x0000000008002f52        0x6 ./Core/Src/stm32f1xx_it.o
                0x0000000008002f52                HardFault_Handler
 .text.MemManage_Handler
                0x0000000008002f58        0x6 ./Core/Src/stm32f1xx_it.o
                0x0000000008002f58                MemManage_Handler
 .text.BusFault_Handler
                0x0000000008002f5e        0x6 ./Core/Src/stm32f1xx_it.o
                0x0000000008002f5e                BusFault_Handler
 .text.UsageFault_Handler
                0x0000000008002f64        0x6 ./Core/Src/stm32f1xx_it.o
                0x0000000008002f64                UsageFault_Handler
 .text.SVC_Handler
                0x0000000008002f6a        0xc ./Core/Src/stm32f1xx_it.o
                0x0000000008002f6a                SVC_Handler
 .text.DebugMon_Handler
                0x0000000008002f76        0xc ./Core/Src/stm32f1xx_it.o
                0x0000000008002f76                DebugMon_Handler
 .text.PendSV_Handler
                0x0000000008002f82        0xc ./Core/Src/stm32f1xx_it.o
                0x0000000008002f82                PendSV_Handler
 .text.SysTick_Handler
                0x0000000008002f8e        0xc ./Core/Src/stm32f1xx_it.o
                0x0000000008002f8e                SysTick_Handler
 *fill*         0x0000000008002f9a        0x2 
 .text.DMA1_Channel1_IRQHandler
                0x0000000008002f9c       0x14 ./Core/Src/stm32f1xx_it.o
                0x0000000008002f9c                DMA1_Channel1_IRQHandler
 .text.ADC1_2_IRQHandler
                0x0000000008002fb0       0x14 ./Core/Src/stm32f1xx_it.o
                0x0000000008002fb0                ADC1_2_IRQHandler
 .text.TIM1_BRK_IRQHandler
                0x0000000008002fc4       0x14 ./Core/Src/stm32f1xx_it.o
                0x0000000008002fc4                TIM1_BRK_IRQHandler
 .text.TIM1_UP_IRQHandler
                0x0000000008002fd8       0x14 ./Core/Src/stm32f1xx_it.o
                0x0000000008002fd8                TIM1_UP_IRQHandler
 .text.TIM1_TRG_COM_IRQHandler
                0x0000000008002fec       0x14 ./Core/Src/stm32f1xx_it.o
                0x0000000008002fec                TIM1_TRG_COM_IRQHandler
 .text.TIM1_CC_IRQHandler
                0x0000000008003000       0x14 ./Core/Src/stm32f1xx_it.o
                0x0000000008003000                TIM1_CC_IRQHandler
 .text.TIM2_IRQHandler
                0x0000000008003014       0x14 ./Core/Src/stm32f1xx_it.o
                0x0000000008003014                TIM2_IRQHandler
 .text.TIM3_IRQHandler
                0x0000000008003028       0x14 ./Core/Src/stm32f1xx_it.o
                0x0000000008003028                TIM3_IRQHandler
 .text.TIM4_IRQHandler
                0x000000000800303c       0x14 ./Core/Src/stm32f1xx_it.o
                0x000000000800303c                TIM4_IRQHandler
 .text.SystemInit
                0x0000000008003050        0xc ./Core/Src/system_stm32f1xx.o
                0x0000000008003050                SystemInit
 *fill*         0x000000000800305c        0x4 
 .text.utils_radPerSecToRPM
                0x0000000008003060       0x38 ./Core/Src/utils.o
                0x0000000008003060                utils_radPerSecToRPM
 .text.utils_inRange
                0x0000000008003098       0x36 ./Core/Src/utils.o
                0x0000000008003098                utils_inRange
 *fill*         0x00000000080030ce        0x2 
 .text.Reset_Handler
                0x00000000080030d0       0x48 ./Core/Startup/startup_stm32f103c8tx.o
                0x00000000080030d0                Reset_Handler
 .text.Default_Handler
                0x0000000008003118        0x2 ./Core/Startup/startup_stm32f103c8tx.o
                0x0000000008003118                RTC_Alarm_IRQHandler
                0x0000000008003118                EXTI2_IRQHandler
                0x0000000008003118                PVD_IRQHandler
                0x0000000008003118                EXTI3_IRQHandler
                0x0000000008003118                EXTI0_IRQHandler
                0x0000000008003118                I2C2_EV_IRQHandler
                0x0000000008003118                SPI1_IRQHandler
                0x0000000008003118                TAMPER_IRQHandler
                0x0000000008003118                DMA1_Channel4_IRQHandler
                0x0000000008003118                USART3_IRQHandler
                0x0000000008003118                RTC_IRQHandler
                0x0000000008003118                DMA1_Channel7_IRQHandler
                0x0000000008003118                CAN1_RX1_IRQHandler
                0x0000000008003118                I2C1_EV_IRQHandler
                0x0000000008003118                DMA1_Channel6_IRQHandler
                0x0000000008003118                RCC_IRQHandler
                0x0000000008003118                Default_Handler
                0x0000000008003118                EXTI15_10_IRQHandler
                0x0000000008003118                EXTI9_5_IRQHandler
                0x0000000008003118                SPI2_IRQHandler
                0x0000000008003118                DMA1_Channel5_IRQHandler
                0x0000000008003118                EXTI4_IRQHandler
                0x0000000008003118                USB_LP_CAN1_RX0_IRQHandler
                0x0000000008003118                USB_HP_CAN1_TX_IRQHandler
                0x0000000008003118                DMA1_Channel3_IRQHandler
                0x0000000008003118                WWDG_IRQHandler
                0x0000000008003118                EXTI1_IRQHandler
                0x0000000008003118                USART2_IRQHandler
                0x0000000008003118                I2C2_ER_IRQHandler
                0x0000000008003118                DMA1_Channel2_IRQHandler
                0x0000000008003118                CAN1_SCE_IRQHandler
                0x0000000008003118                FLASH_IRQHandler
                0x0000000008003118                USART1_IRQHandler
                0x0000000008003118                I2C1_ER_IRQHandler
                0x0000000008003118                USBWakeUp_IRQHandler
 *fill*         0x000000000800311a        0x2 
 .text.HAL_Init
                0x000000000800311c       0x2c ./Drivers/STM32F1xx_HAL_Driver/Src/stm32f1xx_hal.o
                0x000000000800311c                HAL_Init
 .text.HAL_InitTick
                0x0000000008003148       0x60 ./Drivers/STM32F1xx_HAL_Driver/Src/stm32f1xx_hal.o
                0x0000000008003148                HAL_InitTick
 .text.HAL_IncTick
                0x00000000080031a8       0x24 ./Drivers/STM32F1xx_HAL_Driver/Src/stm32f1xx_hal.o
                0x00000000080031a8                HAL_IncTick
 .text.HAL_GetTick
                0x00000000080031cc       0x14 ./Drivers/STM32F1xx_HAL_Driver/Src/stm32f1xx_hal.o
                0x00000000080031cc                HAL_GetTick
 .text.HAL_Delay
                0x00000000080031e0       0x48 ./Drivers/STM32F1xx_HAL_Driver/Src/stm32f1xx_hal.o
                0x00000000080031e0                HAL_Delay
 .text.HAL_ADC_Init
                0x0000000008003228      0x1b0 ./Drivers/STM32F1xx_HAL_Driver/Src/stm32f1xx_hal_adc.o
                0x0000000008003228                HAL_ADC_Init
 .text.HAL_ADC_Start_DMA
                0x00000000080033d8      0x1bc ./Drivers/STM32F1xx_HAL_Driver/Src/stm32f1xx_hal_adc.o
                0x00000000080033d8                HAL_ADC_Start_DMA
 .text.HAL_ADC_IRQHandler
                0x0000000008003594      0x17e ./Drivers/STM32F1xx_HAL_Driver/Src/stm32f1xx_hal_adc.o
                0x0000000008003594                HAL_ADC_IRQHandler
 .text.HAL_ADC_ConvCpltCallback
                0x0000000008003712       0x12 ./Drivers/STM32F1xx_HAL_Driver/Src/stm32f1xx_hal_adc.o
                0x0000000008003712                HAL_ADC_ConvCpltCallback
 .text.HAL_ADC_ConvHalfCpltCallback
                0x0000000008003724       0x12 ./Drivers/STM32F1xx_HAL_Driver/Src/stm32f1xx_hal_adc.o
                0x0000000008003724                HAL_ADC_ConvHalfCpltCallback
 .text.HAL_ADC_LevelOutOfWindowCallback
                0x0000000008003736       0x12 ./Drivers/STM32F1xx_HAL_Driver/Src/stm32f1xx_hal_adc.o
                0x0000000008003736                HAL_ADC_LevelOutOfWindowCallback
 .text.HAL_ADC_ErrorCallback
                0x0000000008003748       0x12 ./Drivers/STM32F1xx_HAL_Driver/Src/stm32f1xx_hal_adc.o
                0x0000000008003748                HAL_ADC_ErrorCallback
 *fill*         0x000000000800375a        0x2 
 .text.HAL_ADC_ConfigChannel
                0x000000000800375c      0x1f0 ./Drivers/STM32F1xx_HAL_Driver/Src/stm32f1xx_hal_adc.o
                0x000000000800375c                HAL_ADC_ConfigChannel
 .text.ADC_Enable
                0x000000000800394c       0xb4 ./Drivers/STM32F1xx_HAL_Driver/Src/stm32f1xx_hal_adc.o
                0x000000000800394c                ADC_Enable
 .text.ADC_ConversionStop_Disable
                0x0000000008003a00       0x82 ./Drivers/STM32F1xx_HAL_Driver/Src/stm32f1xx_hal_adc.o
                0x0000000008003a00                ADC_ConversionStop_Disable
 .text.ADC_DMAConvCplt
                0x0000000008003a82       0x7c ./Drivers/STM32F1xx_HAL_Driver/Src/stm32f1xx_hal_adc.o
                0x0000000008003a82                ADC_DMAConvCplt
 .text.ADC_DMAHalfConvCplt
                0x0000000008003afe       0x1c ./Drivers/STM32F1xx_HAL_Driver/Src/stm32f1xx_hal_adc.o
                0x0000000008003afe                ADC_DMAHalfConvCplt
 .text.ADC_DMAError
                0x0000000008003b1a       0x34 ./Drivers/STM32F1xx_HAL_Driver/Src/stm32f1xx_hal_adc.o
                0x0000000008003b1a                ADC_DMAError
 .text.HAL_ADCEx_InjectedConvCpltCallback
                0x0000000008003b4e       0x12 ./Drivers/STM32F1xx_HAL_Driver/Src/stm32f1xx_hal_adc_ex.o
                0x0000000008003b4e                HAL_ADCEx_InjectedConvCpltCallback
 .text.__NVIC_SetPriorityGrouping
                0x0000000008003b60       0x48 ./Drivers/STM32F1xx_HAL_Driver/Src/stm32f1xx_hal_cortex.o
 .text.__NVIC_GetPriorityGrouping
                0x0000000008003ba8       0x1c ./Drivers/STM32F1xx_HAL_Driver/Src/stm32f1xx_hal_cortex.o
 .text.__NVIC_EnableIRQ
                0x0000000008003bc4       0x38 ./Drivers/STM32F1xx_HAL_Driver/Src/stm32f1xx_hal_cortex.o
 .text.__NVIC_SetPriority
                0x0000000008003bfc       0x54 ./Drivers/STM32F1xx_HAL_Driver/Src/stm32f1xx_hal_cortex.o
 .text.NVIC_EncodePriority
                0x0000000008003c50       0x64 ./Drivers/STM32F1xx_HAL_Driver/Src/stm32f1xx_hal_cortex.o
 .text.SysTick_Config
                0x0000000008003cb4       0x44 ./Drivers/STM32F1xx_HAL_Driver/Src/stm32f1xx_hal_cortex.o
 .text.HAL_NVIC_SetPriorityGrouping
                0x0000000008003cf8       0x16 ./Drivers/STM32F1xx_HAL_Driver/Src/stm32f1xx_hal_cortex.o
                0x0000000008003cf8                HAL_NVIC_SetPriorityGrouping
 .text.HAL_NVIC_SetPriority
                0x0000000008003d0e       0x38 ./Drivers/STM32F1xx_HAL_Driver/Src/stm32f1xx_hal_cortex.o
                0x0000000008003d0e                HAL_NVIC_SetPriority
 .text.HAL_NVIC_EnableIRQ
                0x0000000008003d46       0x1c ./Drivers/STM32F1xx_HAL_Driver/Src/stm32f1xx_hal_cortex.o
                0x0000000008003d46                HAL_NVIC_EnableIRQ
 .text.HAL_SYSTICK_Config
                0x0000000008003d62       0x18 ./Drivers/STM32F1xx_HAL_Driver/Src/stm32f1xx_hal_cortex.o
                0x0000000008003d62                HAL_SYSTICK_Config
 *fill*         0x0000000008003d7a        0x2 
 .text.HAL_DMA_Init
                0x0000000008003d7c       0xb4 ./Drivers/STM32F1xx_HAL_Driver/Src/stm32f1xx_hal_dma.o
                0x0000000008003d7c                HAL_DMA_Init
 .text.HAL_DMA_Start_IT
                0x0000000008003e30       0xc0 ./Drivers/STM32F1xx_HAL_Driver/Src/stm32f1xx_hal_dma.o
                0x0000000008003e30                HAL_DMA_Start_IT
 .text.HAL_DMA_IRQHandler
                0x0000000008003ef0      0x20c ./Drivers/STM32F1xx_HAL_Driver/Src/stm32f1xx_hal_dma.o
                0x0000000008003ef0                HAL_DMA_IRQHandler
 .text.DMA_SetConfig
                0x00000000080040fc       0x5a ./Drivers/STM32F1xx_HAL_Driver/Src/stm32f1xx_hal_dma.o
 *fill*         0x0000000008004156        0x2 
 .text.HAL_GPIO_Init
                0x0000000008004158      0x308 ./Drivers/STM32F1xx_HAL_Driver/Src/stm32f1xx_hal_gpio.o
                0x0000000008004158                HAL_GPIO_Init
 .text.HAL_GPIO_WritePin
                0x0000000008004460       0x30 ./Drivers/STM32F1xx_HAL_Driver/Src/stm32f1xx_hal_gpio.o
                0x0000000008004460                HAL_GPIO_WritePin
 .text.HAL_GPIO_TogglePin
                0x0000000008004490       0x32 ./Drivers/STM32F1xx_HAL_Driver/Src/stm32f1xx_hal_gpio.o
                0x0000000008004490                HAL_GPIO_TogglePin
 *fill*         0x00000000080044c2        0x2 
 .text.HAL_RCC_OscConfig
                0x00000000080044c4      0x504 ./Drivers/STM32F1xx_HAL_Driver/Src/stm32f1xx_hal_rcc.o
                0x00000000080044c4                HAL_RCC_OscConfig
 .text.HAL_RCC_ClockConfig
                0x00000000080049c8      0x1d4 ./Drivers/STM32F1xx_HAL_Driver/Src/stm32f1xx_hal_rcc.o
                0x00000000080049c8                HAL_RCC_ClockConfig
 .text.HAL_RCC_GetSysClockFreq
                0x0000000008004b9c       0xa8 ./Drivers/STM32F1xx_HAL_Driver/Src/stm32f1xx_hal_rcc.o
                0x0000000008004b9c                HAL_RCC_GetSysClockFreq
 .text.RCC_Delay
                0x0000000008004c44       0x3c ./Drivers/STM32F1xx_HAL_Driver/Src/stm32f1xx_hal_rcc.o
 .text.HAL_RCCEx_PeriphCLKConfig
                0x0000000008004c80      0x16c ./Drivers/STM32F1xx_HAL_Driver/Src/stm32f1xx_hal_rcc_ex.o
                0x0000000008004c80                HAL_RCCEx_PeriphCLKConfig
 .text.HAL_TIM_Base_Init
                0x0000000008004dec       0x9e ./Drivers/STM32F1xx_HAL_Driver/Src/stm32f1xx_hal_tim.o
                0x0000000008004dec                HAL_TIM_Base_Init
 *fill*         0x0000000008004e8a        0x2 
 .text.HAL_TIM_Base_Start_IT
                0x0000000008004e8c       0xa4 ./Drivers/STM32F1xx_HAL_Driver/Src/stm32f1xx_hal_tim.o
                0x0000000008004e8c                HAL_TIM_Base_Start_IT
 .text.HAL_TIM_PWM_Init
                0x0000000008004f30       0x9e ./Drivers/STM32F1xx_HAL_Driver/Src/stm32f1xx_hal_tim.o
                0x0000000008004f30                HAL_TIM_PWM_Init
 .text.HAL_TIM_PWM_MspInit
                0x0000000008004fce       0x12 ./Drivers/STM32F1xx_HAL_Driver/Src/stm32f1xx_hal_tim.o
                0x0000000008004fce                HAL_TIM_PWM_MspInit
 .text.HAL_TIM_PWM_Start
                0x0000000008004fe0      0x144 ./Drivers/STM32F1xx_HAL_Driver/Src/stm32f1xx_hal_tim.o
                0x0000000008004fe0                HAL_TIM_PWM_Start
 .text.HAL_TIM_IC_Init
                0x0000000008005124       0x9e ./Drivers/STM32F1xx_HAL_Driver/Src/stm32f1xx_hal_tim.o
                0x0000000008005124                HAL_TIM_IC_Init
 .text.HAL_TIM_IC_MspInit
                0x00000000080051c2       0x12 ./Drivers/STM32F1xx_HAL_Driver/Src/stm32f1xx_hal_tim.o
                0x00000000080051c2                HAL_TIM_IC_MspInit
 .text.HAL_TIM_IC_Start_IT
                0x00000000080051d4      0x218 ./Drivers/STM32F1xx_HAL_Driver/Src/stm32f1xx_hal_tim.o
                0x00000000080051d4                HAL_TIM_IC_Start_IT
 .text.HAL_TIM_Encoder_Init
                0x00000000080053ec      0x144 ./Drivers/STM32F1xx_HAL_Driver/Src/stm32f1xx_hal_tim.o
                0x00000000080053ec                HAL_TIM_Encoder_Init
 .text.HAL_TIM_Encoder_Start_IT
                0x0000000008005530      0x15c ./Drivers/STM32F1xx_HAL_Driver/Src/stm32f1xx_hal_tim.o
                0x0000000008005530                HAL_TIM_Encoder_Start_IT
 .text.HAL_TIM_IRQHandler
                0x000000000800568c      0x210 ./Drivers/STM32F1xx_HAL_Driver/Src/stm32f1xx_hal_tim.o
                0x000000000800568c                HAL_TIM_IRQHandler
 .text.HAL_TIM_IC_ConfigChannel
                0x000000000800589c      0x138 ./Drivers/STM32F1xx_HAL_Driver/Src/stm32f1xx_hal_tim.o
                0x000000000800589c                HAL_TIM_IC_ConfigChannel
 .text.HAL_TIM_PWM_ConfigChannel
                0x00000000080059d4      0x184 ./Drivers/STM32F1xx_HAL_Driver/Src/stm32f1xx_hal_tim.o
                0x00000000080059d4                HAL_TIM_PWM_ConfigChannel
 .text.HAL_TIM_ConfigClockSource
                0x0000000008005b58      0x18e ./Drivers/STM32F1xx_HAL_Driver/Src/stm32f1xx_hal_tim.o
                0x0000000008005b58                HAL_TIM_ConfigClockSource
 *fill*         0x0000000008005ce6        0x2 
 .text.HAL_TIM_ReadCapturedValue
                0x0000000008005ce8       0x88 ./Drivers/STM32F1xx_HAL_Driver/Src/stm32f1xx_hal_tim.o
                0x0000000008005ce8                HAL_TIM_ReadCapturedValue
 .text.HAL_TIM_OC_DelayElapsedCallback
                0x0000000008005d70       0x12 ./Drivers/STM32F1xx_HAL_Driver/Src/stm32f1xx_hal_tim.o
                0x0000000008005d70                HAL_TIM_OC_DelayElapsedCallback
 .text.HAL_TIM_PWM_PulseFinishedCallback
                0x0000000008005d82       0x12 ./Drivers/STM32F1xx_HAL_Driver/Src/stm32f1xx_hal_tim.o
                0x0000000008005d82                HAL_TIM_PWM_PulseFinishedCallback
 .text.HAL_TIM_TriggerCallback
                0x0000000008005d94       0x12 ./Drivers/STM32F1xx_HAL_Driver/Src/stm32f1xx_hal_tim.o
                0x0000000008005d94                HAL_TIM_TriggerCallback
 *fill*         0x0000000008005da6        0x2 
 .text.TIM_Base_SetConfig
                0x0000000008005da8       0xc4 ./Drivers/STM32F1xx_HAL_Driver/Src/stm32f1xx_hal_tim.o
                0x0000000008005da8                TIM_Base_SetConfig
 .text.TIM_OC1_SetConfig
                0x0000000008005e6c       0xcc ./Drivers/STM32F1xx_HAL_Driver/Src/stm32f1xx_hal_tim.o
 .text.TIM_OC2_SetConfig
                0x0000000008005f38       0xd4 ./Drivers/STM32F1xx_HAL_Driver/Src/stm32f1xx_hal_tim.o
                0x0000000008005f38                TIM_OC2_SetConfig
 .text.TIM_OC3_SetConfig
                0x000000000800600c       0xd4 ./Drivers/STM32F1xx_HAL_Driver/Src/stm32f1xx_hal_tim.o
 .text.TIM_OC4_SetConfig
                0x00000000080060e0       0x9c ./Drivers/STM32F1xx_HAL_Driver/Src/stm32f1xx_hal_tim.o
 .text.TIM_TI1_SetConfig
                0x000000000800617c       0xb4 ./Drivers/STM32F1xx_HAL_Driver/Src/stm32f1xx_hal_tim.o
                0x000000000800617c                TIM_TI1_SetConfig
 .text.TIM_TI1_ConfigInputStage
                0x0000000008006230       0x5c ./Drivers/STM32F1xx_HAL_Driver/Src/stm32f1xx_hal_tim.o
 .text.TIM_TI2_SetConfig
                0x000000000800628c       0x78 ./Drivers/STM32F1xx_HAL_Driver/Src/stm32f1xx_hal_tim.o
 .text.TIM_TI2_ConfigInputStage
                0x0000000008006304       0x5e ./Drivers/STM32F1xx_HAL_Driver/Src/stm32f1xx_hal_tim.o
 .text.TIM_TI3_SetConfig
                0x0000000008006362       0x76 ./Drivers/STM32F1xx_HAL_Driver/Src/stm32f1xx_hal_tim.o
 .text.TIM_TI4_SetConfig
                0x00000000080063d8       0x78 ./Drivers/STM32F1xx_HAL_Driver/Src/stm32f1xx_hal_tim.o
 .text.TIM_ITRx_SetConfig
                0x0000000008006450       0x34 ./Drivers/STM32F1xx_HAL_Driver/Src/stm32f1xx_hal_tim.o
 .text.TIM_ETR_SetConfig
                0x0000000008006484       0x3e ./Drivers/STM32F1xx_HAL_Driver/Src/stm32f1xx_hal_tim.o
                0x0000000008006484                TIM_ETR_SetConfig
 .text.TIM_CCxChannelCmd
                0x00000000080064c2       0x48 ./Drivers/STM32F1xx_HAL_Driver/Src/stm32f1xx_hal_tim.o
                0x00000000080064c2                TIM_CCxChannelCmd
 *fill*         0x000000000800650a        0x2 
 .text.HAL_TIMEx_MasterConfigSynchronization
                0x000000000800650c       0xbc ./Drivers/STM32F1xx_HAL_Driver/Src/stm32f1xx_hal_tim_ex.o
                0x000000000800650c                HAL_TIMEx_MasterConfigSynchronization
 .text.HAL_TIMEx_ConfigBreakDeadTime
                0x00000000080065c8       0xa2 ./Drivers/STM32F1xx_HAL_Driver/Src/stm32f1xx_hal_tim_ex.o
                0x00000000080065c8                HAL_TIMEx_ConfigBreakDeadTime
 .text.HAL_TIMEx_CommutCallback
                0x000000000800666a       0x12 ./Drivers/STM32F1xx_HAL_Driver/Src/stm32f1xx_hal_tim_ex.o
                0x000000000800666a                HAL_TIMEx_CommutCallback
 .text.HAL_TIMEx_BreakCallback
                0x000000000800667c       0x12 ./Drivers/STM32F1xx_HAL_Driver/Src/stm32f1xx_hal_tim_ex.o
                0x000000000800667c                HAL_TIMEx_BreakCallback
 *fill*         0x000000000800668e        0x2 
 .text.atan     0x0000000008006690      0x314 c:/st/stm32cubeide_1.10.1/stm32cubeide/plugins/com.st.stm32cube.ide.mcu.externaltools.gnu-tools-for-stm32.10.3-2021.10.win32_1.0.0.202111181127/tools/bin/../lib/gcc/arm-none-eabi/10.3.1/../../../../arm-none-eabi/lib/thumb/v7-m/nofp\libm.a(lib_a-s_atan.o)
                0x0000000008006690                atan
 .text.cos      0x00000000080069a4       0x8c c:/st/stm32cubeide_1.10.1/stm32cubeide/plugins/com.st.stm32cube.ide.mcu.externaltools.gnu-tools-for-stm32.10.3-2021.10.win32_1.0.0.202111181127/tools/bin/../lib/gcc/arm-none-eabi/10.3.1/../../../../arm-none-eabi/lib/thumb/v7-m/nofp\libm.a(lib_a-s_cos.o)
                0x00000000080069a4                cos
 .text.fabs     0x0000000008006a30        0x6 c:/st/stm32cubeide_1.10.1/stm32cubeide/plugins/com.st.stm32cube.ide.mcu.externaltools.gnu-tools-for-stm32.10.3-2021.10.win32_1.0.0.202111181127/tools/bin/../lib/gcc/arm-none-eabi/10.3.1/../../../../arm-none-eabi/lib/thumb/v7-m/nofp\libm.a(lib_a-s_fabs.o)
                0x0000000008006a30                fabs
 *fill*         0x0000000008006a36        0x2 
 .text.sin      0x0000000008006a38       0x8c c:/st/stm32cubeide_1.10.1/stm32cubeide/plugins/com.st.stm32cube.ide.mcu.externaltools.gnu-tools-for-stm32.10.3-2021.10.win32_1.0.0.202111181127/tools/bin/../lib/gcc/arm-none-eabi/10.3.1/../../../../arm-none-eabi/lib/thumb/v7-m/nofp\libm.a(lib_a-s_sin.o)
                0x0000000008006a38                sin
 *fill*         0x0000000008006ac4        0x4 
 .text.__ieee754_rem_pio2
                0x0000000008006ac8      0x3f0 c:/st/stm32cubeide_1.10.1/stm32cubeide/plugins/com.st.stm32cube.ide.mcu.externaltools.gnu-tools-for-stm32.10.3-2021.10.win32_1.0.0.202111181127/tools/bin/../lib/gcc/arm-none-eabi/10.3.1/../../../../arm-none-eabi/lib/thumb/v7-m/nofp\libm.a(lib_a-e_rem_pio2.o)
                0x0000000008006ac8                __ieee754_rem_pio2
 .text.__kernel_cos
                0x0000000008006eb8      0x17c c:/st/stm32cubeide_1.10.1/stm32cubeide/plugins/com.st.stm32cube.ide.mcu.externaltools.gnu-tools-for-stm32.10.3-2021.10.win32_1.0.0.202111181127/tools/bin/../lib/gcc/arm-none-eabi/10.3.1/../../../../arm-none-eabi/lib/thumb/v7-m/nofp\libm.a(lib_a-k_cos.o)
                0x0000000008006eb8                __kernel_cos
 .text.__kernel_rem_pio2
                0x0000000008007034      0x684 c:/st/stm32cubeide_1.10.1/stm32cubeide/plugins/com.st.stm32cube.ide.mcu.externaltools.gnu-tools-for-stm32.10.3-2021.10.win32_1.0.0.202111181127/tools/bin/../lib/gcc/arm-none-eabi/10.3.1/../../../../arm-none-eabi/lib/thumb/v7-m/nofp\libm.a(lib_a-k_rem_pio2.o)
                0x0000000008007034                __kernel_rem_pio2
 .text.__kernel_sin
                0x00000000080076b8      0x16c c:/st/stm32cubeide_1.10.1/stm32cubeide/plugins/com.st.stm32cube.ide.mcu.externaltools.gnu-tools-for-stm32.10.3-2021.10.win32_1.0.0.202111181127/tools/bin/../lib/gcc/arm-none-eabi/10.3.1/../../../../arm-none-eabi/lib/thumb/v7-m/nofp\libm.a(lib_a-k_sin.o)
                0x00000000080076b8                __kernel_sin
 *fill*         0x0000000008007824        0x4 
 .text.floor    0x0000000008007828      0x100 c:/st/stm32cubeide_1.10.1/stm32cubeide/plugins/com.st.stm32cube.ide.mcu.externaltools.gnu-tools-for-stm32.10.3-2021.10.win32_1.0.0.202111181127/tools/bin/../lib/gcc/arm-none-eabi/10.3.1/../../../../arm-none-eabi/lib/thumb/v7-m/nofp\libm.a(lib_a-s_floor.o)
                0x0000000008007828                floor
 .text.scalbn   0x0000000008007928       0xfc c:/st/stm32cubeide_1.10.1/stm32cubeide/plugins/com.st.stm32cube.ide.mcu.externaltools.gnu-tools-for-stm32.10.3-2021.10.win32_1.0.0.202111181127/tools/bin/../lib/gcc/arm-none-eabi/10.3.1/../../../../arm-none-eabi/lib/thumb/v7-m/nofp\libm.a(lib_a-s_scalbn.o)
                0x0000000008007928                scalbn
 .text.__libc_init_array
                0x0000000008007a24       0x48 c:/st/stm32cubeide_1.10.1/stm32cubeide/plugins/com.st.stm32cube.ide.mcu.externaltools.gnu-tools-for-stm32.10.3-2021.10.win32_1.0.0.202111181127/tools/bin/../lib/gcc/arm-none-eabi/10.3.1/../../../../arm-none-eabi/lib/thumb/v7-m/nofp\libc_nano.a(lib_a-init.o)
                0x0000000008007a24                __libc_init_array
 .text.memset   0x0000000008007a6c       0x10 c:/st/stm32cubeide_1.10.1/stm32cubeide/plugins/com.st.stm32cube.ide.mcu.externaltools.gnu-tools-for-stm32.10.3-2021.10.win32_1.0.0.202111181127/tools/bin/../lib/gcc/arm-none-eabi/10.3.1/../../../../arm-none-eabi/lib/thumb/v7-m/nofp\libc_nano.a(lib_a-memset.o)
                0x0000000008007a6c                memset
 *(.glue_7)
 .glue_7        0x0000000008007a7c        0x0 linker stubs
 *(.glue_7t)
 .glue_7t       0x0000000008007a7c        0x0 linker stubs
 *(.eh_frame)
 .eh_frame      0x0000000008007a7c        0x0 c:/st/stm32cubeide_1.10.1/stm32cubeide/plugins/com.st.stm32cube.ide.mcu.externaltools.gnu-tools-for-stm32.10.3-2021.10.win32_1.0.0.202111181127/tools/bin/../lib/gcc/arm-none-eabi/10.3.1/thumb/v7-m/nofp/crtbegin.o
 *(.init)
 .init          0x0000000008007a7c        0x4 c:/st/stm32cubeide_1.10.1/stm32cubeide/plugins/com.st.stm32cube.ide.mcu.externaltools.gnu-tools-for-stm32.10.3-2021.10.win32_1.0.0.202111181127/tools/bin/../lib/gcc/arm-none-eabi/10.3.1/thumb/v7-m/nofp/crti.o
                0x0000000008007a7c                _init
 .init          0x0000000008007a80        0x8 c:/st/stm32cubeide_1.10.1/stm32cubeide/plugins/com.st.stm32cube.ide.mcu.externaltools.gnu-tools-for-stm32.10.3-2021.10.win32_1.0.0.202111181127/tools/bin/../lib/gcc/arm-none-eabi/10.3.1/thumb/v7-m/nofp/crtn.o
 *(.fini)
 .fini          0x0000000008007a88        0x4 c:/st/stm32cubeide_1.10.1/stm32cubeide/plugins/com.st.stm32cube.ide.mcu.externaltools.gnu-tools-for-stm32.10.3-2021.10.win32_1.0.0.202111181127/tools/bin/../lib/gcc/arm-none-eabi/10.3.1/thumb/v7-m/nofp/crti.o
                0x0000000008007a88                _fini
 .fini          0x0000000008007a8c        0x8 c:/st/stm32cubeide_1.10.1/stm32cubeide/plugins/com.st.stm32cube.ide.mcu.externaltools.gnu-tools-for-stm32.10.3-2021.10.win32_1.0.0.202111181127/tools/bin/../lib/gcc/arm-none-eabi/10.3.1/thumb/v7-m/nofp/crtn.o
                0x0000000008007a94                . = ALIGN (0x4)
                0x0000000008007a94                _etext = .

.vfp11_veneer   0x0000000008007a94        0x0
 .vfp11_veneer  0x0000000008007a94        0x0 linker stubs

.v4_bx          0x0000000008007a94        0x0
 .v4_bx         0x0000000008007a94        0x0 linker stubs

.iplt           0x0000000008007a94        0x0
 .iplt          0x0000000008007a94        0x0 c:/st/stm32cubeide_1.10.1/stm32cubeide/plugins/com.st.stm32cube.ide.mcu.externaltools.gnu-tools-for-stm32.10.3-2021.10.win32_1.0.0.202111181127/tools/bin/../lib/gcc/arm-none-eabi/10.3.1/thumb/v7-m/nofp/crtbegin.o

.rodata         0x0000000008007a98      0x240
                0x0000000008007a98                . = ALIGN (0x4)
 *(.rodata)
 *(.rodata*)
 .rodata.AHBPrescTable
                0x0000000008007a98       0x10 ./Core/Src/system_stm32f1xx.o
                0x0000000008007a98                AHBPrescTable
 .rodata.aPLLMULFactorTable.1
                0x0000000008007aa8       0x10 ./Drivers/STM32F1xx_HAL_Driver/Src/stm32f1xx_hal_rcc.o
 .rodata.aPredivFactorTable.0
                0x0000000008007ab8        0x2 ./Drivers/STM32F1xx_HAL_Driver/Src/stm32f1xx_hal_rcc.o
 *fill*         0x0000000008007aba        0x6 
 .rodata.atanhi
                0x0000000008007ac0       0x20 c:/st/stm32cubeide_1.10.1/stm32cubeide/plugins/com.st.stm32cube.ide.mcu.externaltools.gnu-tools-for-stm32.10.3-2021.10.win32_1.0.0.202111181127/tools/bin/../lib/gcc/arm-none-eabi/10.3.1/../../../../arm-none-eabi/lib/thumb/v7-m/nofp\libm.a(lib_a-s_atan.o)
 .rodata.atanlo
                0x0000000008007ae0       0x20 c:/st/stm32cubeide_1.10.1/stm32cubeide/plugins/com.st.stm32cube.ide.mcu.externaltools.gnu-tools-for-stm32.10.3-2021.10.win32_1.0.0.202111181127/tools/bin/../lib/gcc/arm-none-eabi/10.3.1/../../../../arm-none-eabi/lib/thumb/v7-m/nofp\libm.a(lib_a-s_atan.o)
 .rodata.npio2_hw
                0x0000000008007b00       0x80 c:/st/stm32cubeide_1.10.1/stm32cubeide/plugins/com.st.stm32cube.ide.mcu.externaltools.gnu-tools-for-stm32.10.3-2021.10.win32_1.0.0.202111181127/tools/bin/../lib/gcc/arm-none-eabi/10.3.1/../../../../arm-none-eabi/lib/thumb/v7-m/nofp\libm.a(lib_a-e_rem_pio2.o)
 .rodata.two_over_pi
                0x0000000008007b80      0x108 c:/st/stm32cubeide_1.10.1/stm32cubeide/plugins/com.st.stm32cube.ide.mcu.externaltools.gnu-tools-for-stm32.10.3-2021.10.win32_1.0.0.202111181127/tools/bin/../lib/gcc/arm-none-eabi/10.3.1/../../../../arm-none-eabi/lib/thumb/v7-m/nofp\libm.a(lib_a-e_rem_pio2.o)
 .rodata.PIo2   0x0000000008007c88       0x40 c:/st/stm32cubeide_1.10.1/stm32cubeide/plugins/com.st.stm32cube.ide.mcu.externaltools.gnu-tools-for-stm32.10.3-2021.10.win32_1.0.0.202111181127/tools/bin/../lib/gcc/arm-none-eabi/10.3.1/../../../../arm-none-eabi/lib/thumb/v7-m/nofp\libm.a(lib_a-k_rem_pio2.o)
 .rodata.init_jk
                0x0000000008007cc8       0x10 c:/st/stm32cubeide_1.10.1/stm32cubeide/plugins/com.st.stm32cube.ide.mcu.externaltools.gnu-tools-for-stm32.10.3-2021.10.win32_1.0.0.202111181127/tools/bin/../lib/gcc/arm-none-eabi/10.3.1/../../../../arm-none-eabi/lib/thumb/v7-m/nofp\libm.a(lib_a-k_rem_pio2.o)
                0x0000000008007cd8                . = ALIGN (0x4)

.rel.dyn        0x0000000008007cd8        0x0
 .rel.iplt      0x0000000008007cd8        0x0 c:/st/stm32cubeide_1.10.1/stm32cubeide/plugins/com.st.stm32cube.ide.mcu.externaltools.gnu-tools-for-stm32.10.3-2021.10.win32_1.0.0.202111181127/tools/bin/../lib/gcc/arm-none-eabi/10.3.1/thumb/v7-m/nofp/crtbegin.o

.ARM.extab      0x0000000008007cd8        0x0
                0x0000000008007cd8                . = ALIGN (0x4)
 *(.ARM.extab* .gnu.linkonce.armextab.*)
                0x0000000008007cd8                . = ALIGN (0x4)

.ARM            0x0000000008007cd8        0x0
                0x0000000008007cd8                . = ALIGN (0x4)
                0x0000000008007cd8                __exidx_start = .
 *(.ARM.exidx*)
                0x0000000008007cd8                __exidx_end = .
                0x0000000008007cd8                . = ALIGN (0x4)

.preinit_array  0x0000000008007cd8        0x0
                0x0000000008007cd8                . = ALIGN (0x4)
                0x0000000008007cd8                PROVIDE (__preinit_array_start = .)
 *(.preinit_array*)
                0x0000000008007cd8                PROVIDE (__preinit_array_end = .)
                0x0000000008007cd8                . = ALIGN (0x4)

.init_array     0x0000000008007cd8        0x4
                0x0000000008007cd8                . = ALIGN (0x4)
                0x0000000008007cd8                PROVIDE (__init_array_start = .)
 *(SORT_BY_NAME(.init_array.*))
 *(.init_array*)
 .init_array    0x0000000008007cd8        0x4 c:/st/stm32cubeide_1.10.1/stm32cubeide/plugins/com.st.stm32cube.ide.mcu.externaltools.gnu-tools-for-stm32.10.3-2021.10.win32_1.0.0.202111181127/tools/bin/../lib/gcc/arm-none-eabi/10.3.1/thumb/v7-m/nofp/crtbegin.o
                0x0000000008007cdc                PROVIDE (__init_array_end = .)
                0x0000000008007cdc                . = ALIGN (0x4)

.fini_array     0x0000000008007cdc        0x4
                0x0000000008007cdc                . = ALIGN (0x4)
                [!provide]                        PROVIDE (__fini_array_start = .)
 *(SORT_BY_NAME(.fini_array.*))
 *(.fini_array*)
 .fini_array    0x0000000008007cdc        0x4 c:/st/stm32cubeide_1.10.1/stm32cubeide/plugins/com.st.stm32cube.ide.mcu.externaltools.gnu-tools-for-stm32.10.3-2021.10.win32_1.0.0.202111181127/tools/bin/../lib/gcc/arm-none-eabi/10.3.1/thumb/v7-m/nofp/crtbegin.o
                [!provide]                        PROVIDE (__fini_array_end = .)
                0x0000000008007ce0                . = ALIGN (0x4)
                0x0000000008007ce0                _sidata = LOADADDR (.data)

.data           0x0000000020000000      0x16c load address 0x0000000008007ce0
                0x0000000020000000                . = ALIGN (0x4)
                0x0000000020000000                _sdata = .
 *(.data)
 *(.data*)
 .data.f_green  0x0000000020000000        0x1 ./Core/Src/main.o
                0x0000000020000000                f_green
 .data.f_blue   0x0000000020000001        0x1 ./Core/Src/main.o
                0x0000000020000001                f_blue
 *fill*         0x0000000020000002        0x2 
 .data.motor_rw
                0x0000000020000004       0x2c ./Core/Src/main.o
                0x0000000020000004                motor_rw
 .data.motor_lw
                0x0000000020000030       0x2c ./Core/Src/main.o
                0x0000000020000030                motor_lw
 .data.color_sensor
                0x000000002000005c       0x28 ./Core/Src/main.o
                0x000000002000005c                color_sensor
 .data.line_sensor
                0x0000000020000084       0x38 ./Core/Src/main.o
                0x0000000020000084                line_sensor
 .data.pid_lw   0x00000000200000bc       0x3c ./Core/Src/main.o
                0x00000000200000bc                pid_lw
 .data.pid_rw   0x00000000200000f8       0x3c ./Core/Src/main.o
                0x00000000200000f8                pid_rw
 .data.control_p
                0x0000000020000134       0x18 ./Core/Src/main.o
                0x0000000020000134                control_p
 .data.ps       0x000000002000014c        0x8 ./Core/Src/main.o
                0x000000002000014c                ps
 .data.mtrs     0x0000000020000154        0x8 ./Core/Src/main.o
                0x0000000020000154                mtrs
 .data.refClock
                0x000000002000015c        0x4 ./Core/Src/main.o
                0x000000002000015c                refClock
 .data.SystemCoreClock
                0x0000000020000160        0x4 ./Core/Src/system_stm32f1xx.o
                0x0000000020000160                SystemCoreClock
 .data.uwTickPrio
                0x0000000020000164        0x4 ./Drivers/STM32F1xx_HAL_Driver/Src/stm32f1xx_hal.o
                0x0000000020000164                uwTickPrio
 .data.uwTickFreq
                0x0000000020000168        0x1 ./Drivers/STM32F1xx_HAL_Driver/Src/stm32f1xx_hal.o
                0x0000000020000168                uwTickFreq
 *(.RamFunc)
 *(.RamFunc*)
                0x000000002000016c                . = ALIGN (0x4)
 *fill*         0x0000000020000169        0x3 
                0x000000002000016c                _edata = .

.igot.plt       0x000000002000016c        0x0 load address 0x0000000008007e4c
 .igot.plt      0x000000002000016c        0x0 c:/st/stm32cubeide_1.10.1/stm32cubeide/plugins/com.st.stm32cube.ide.mcu.externaltools.gnu-tools-for-stm32.10.3-2021.10.win32_1.0.0.202111181127/tools/bin/../lib/gcc/arm-none-eabi/10.3.1/thumb/v7-m/nofp/crtbegin.o
                0x000000002000016c                . = ALIGN (0x4)

.bss            0x000000002000016c      0x228 load address 0x0000000008007e4c
                0x000000002000016c                _sbss = .
                0x000000002000016c                __bss_start__ = _sbss
 *(.bss)
 .bss           0x000000002000016c       0x1c c:/st/stm32cubeide_1.10.1/stm32cubeide/plugins/com.st.stm32cube.ide.mcu.externaltools.gnu-tools-for-stm32.10.3-2021.10.win32_1.0.0.202111181127/tools/bin/../lib/gcc/arm-none-eabi/10.3.1/thumb/v7-m/nofp/crtbegin.o
 *(.bss*)
 .bss.red_count
                0x0000000020000188        0x2 ./Core/Src/control.o
                0x0000000020000188                red_count
 .bss.green_count
                0x000000002000018a        0x2 ./Core/Src/control.o
                0x000000002000018a                green_count
 .bss.hinch_flag
                0x000000002000018c        0x2 ./Core/Src/control.o
                0x000000002000018c                hinch_flag
 *fill*         0x000000002000018e        0x2 
 .bss.hadc1     0x0000000020000190       0x30 ./Core/Src/main.o
                0x0000000020000190                hadc1
 .bss.hdma_adc1
                0x00000000200001c0       0x44 ./Core/Src/main.o
                0x00000000200001c0                hdma_adc1
 .bss.htim1     0x0000000020000204       0x48 ./Core/Src/main.o
                0x0000000020000204                htim1
 .bss.htim2     0x000000002000024c       0x48 ./Core/Src/main.o
                0x000000002000024c                htim2
 .bss.htim3     0x0000000020000294       0x48 ./Core/Src/main.o
                0x0000000020000294                htim3
 .bss.htim4     0x00000000200002dc       0x48 ./Core/Src/main.o
                0x00000000200002dc                htim4
 .bss.filter_struct_1
                0x0000000020000324       0x30 ./Core/Src/main.o
                0x0000000020000324                filter_struct_1
 .bss.filter_struct_2
                0x0000000020000354       0x30 ./Core/Src/main.o
                0x0000000020000354                filter_struct_2
 .bss.f_red     0x0000000020000384        0x1 ./Core/Src/main.o
                0x0000000020000384                f_red
 *fill*         0x0000000020000385        0x1 
 .bss.v1        0x0000000020000386        0x2 ./Core/Src/main.o
                0x0000000020000386                v1
 .bss.v2        0x0000000020000388        0x2 ./Core/Src/main.o
                0x0000000020000388                v2
 .bss.diff      0x000000002000038a        0x2 ./Core/Src/main.o
                0x000000002000038a                diff
 .bss.first_capture
                0x000000002000038c        0x1 ./Core/Src/main.o
                0x000000002000038c                first_capture
 .bss.timer_overflow
                0x000000002000038d        0x1 ./Core/Src/main.o
                0x000000002000038d                timer_overflow
 .bss.frequency
                0x000000002000038e        0x2 ./Core/Src/main.o
                0x000000002000038e                frequency
 .bss.uwTick    0x0000000020000390        0x4 ./Drivers/STM32F1xx_HAL_Driver/Src/stm32f1xx_hal.o
                0x0000000020000390                uwTick
 *(COMMON)
                0x0000000020000394                . = ALIGN (0x4)
                0x0000000020000394                _ebss = .
                0x0000000020000394                __bss_end__ = _ebss

._user_heap_stack
                0x0000000020000394      0x604 load address 0x0000000008007e4c
                0x0000000020000398                . = ALIGN (0x8)
 *fill*         0x0000000020000394        0x4 
                [!provide]                        PROVIDE (end = .)
                0x0000000020000398                PROVIDE (_end = .)
                0x0000000020000598                . = (. + _Min_Heap_Size)
 *fill*         0x0000000020000398      0x200 
                0x0000000020000998                . = (. + _Min_Stack_Size)
 *fill*         0x0000000020000598      0x400 
                0x0000000020000998                . = ALIGN (0x8)

/DISCARD/
 libc.a(*)
 libm.a(*)
 libgcc.a(*)

.ARM.attributes
                0x0000000000000000       0x29
 *(.ARM.attributes)
 .ARM.attributes
                0x0000000000000000       0x1d c:/st/stm32cubeide_1.10.1/stm32cubeide/plugins/com.st.stm32cube.ide.mcu.externaltools.gnu-tools-for-stm32.10.3-2021.10.win32_1.0.0.202111181127/tools/bin/../lib/gcc/arm-none-eabi/10.3.1/thumb/v7-m/nofp/crti.o
 .ARM.attributes
                0x000000000000001d       0x2d c:/st/stm32cubeide_1.10.1/stm32cubeide/plugins/com.st.stm32cube.ide.mcu.externaltools.gnu-tools-for-stm32.10.3-2021.10.win32_1.0.0.202111181127/tools/bin/../lib/gcc/arm-none-eabi/10.3.1/thumb/v7-m/nofp/crtbegin.o
 .ARM.attributes
                0x000000000000004a       0x2d ./Core/Src/color_sensor.o
 .ARM.attributes
                0x0000000000000077       0x2d ./Core/Src/control.o
 .ARM.attributes
                0x00000000000000a4       0x2d ./Core/Src/line_sensor.o
 .ARM.attributes
                0x00000000000000d1       0x2d ./Core/Src/main.o
 .ARM.attributes
                0x00000000000000fe       0x2d ./Core/Src/motor.o
 .ARM.attributes
                0x000000000000012b       0x2d ./Core/Src/moving_average.o
 .ARM.attributes
                0x0000000000000158       0x2d ./Core/Src/pid_controller.o
 .ARM.attributes
                0x0000000000000185       0x2d ./Core/Src/stm32f1xx_hal_msp.o
 .ARM.attributes
                0x00000000000001b2       0x2d ./Core/Src/stm32f1xx_it.o
 .ARM.attributes
                0x00000000000001df       0x2d ./Core/Src/system_stm32f1xx.o
 .ARM.attributes
                0x000000000000020c       0x2d ./Core/Src/utils.o
 .ARM.attributes
                0x0000000000000239       0x21 ./Core/Startup/startup_stm32f103c8tx.o
 .ARM.attributes
                0x000000000000025a       0x2d ./Drivers/STM32F1xx_HAL_Driver/Src/stm32f1xx_hal.o
 .ARM.attributes
                0x0000000000000287       0x2d ./Drivers/STM32F1xx_HAL_Driver/Src/stm32f1xx_hal_adc.o
 .ARM.attributes
                0x00000000000002b4       0x2d ./Drivers/STM32F1xx_HAL_Driver/Src/stm32f1xx_hal_adc_ex.o
 .ARM.attributes
                0x00000000000002e1       0x2d ./Drivers/STM32F1xx_HAL_Driver/Src/stm32f1xx_hal_cortex.o
 .ARM.attributes
                0x000000000000030e       0x2d ./Drivers/STM32F1xx_HAL_Driver/Src/stm32f1xx_hal_dma.o
 .ARM.attributes
                0x000000000000033b       0x2d ./Drivers/STM32F1xx_HAL_Driver/Src/stm32f1xx_hal_gpio.o
 .ARM.attributes
                0x0000000000000368       0x2d ./Drivers/STM32F1xx_HAL_Driver/Src/stm32f1xx_hal_rcc.o
 .ARM.attributes
                0x0000000000000395       0x2d ./Drivers/STM32F1xx_HAL_Driver/Src/stm32f1xx_hal_rcc_ex.o
 .ARM.attributes
                0x00000000000003c2       0x2d ./Drivers/STM32F1xx_HAL_Driver/Src/stm32f1xx_hal_tim.o
 .ARM.attributes
                0x00000000000003ef       0x2d ./Drivers/STM32F1xx_HAL_Driver/Src/stm32f1xx_hal_tim_ex.o
 .ARM.attributes
                0x000000000000041c       0x2d c:/st/stm32cubeide_1.10.1/stm32cubeide/plugins/com.st.stm32cube.ide.mcu.externaltools.gnu-tools-for-stm32.10.3-2021.10.win32_1.0.0.202111181127/tools/bin/../lib/gcc/arm-none-eabi/10.3.1/../../../../arm-none-eabi/lib/thumb/v7-m/nofp\libm.a(lib_a-s_atan.o)
 .ARM.attributes
                0x0000000000000449       0x2d c:/st/stm32cubeide_1.10.1/stm32cubeide/plugins/com.st.stm32cube.ide.mcu.externaltools.gnu-tools-for-stm32.10.3-2021.10.win32_1.0.0.202111181127/tools/bin/../lib/gcc/arm-none-eabi/10.3.1/../../../../arm-none-eabi/lib/thumb/v7-m/nofp\libm.a(lib_a-s_cos.o)
 .ARM.attributes
                0x0000000000000476       0x2d c:/st/stm32cubeide_1.10.1/stm32cubeide/plugins/com.st.stm32cube.ide.mcu.externaltools.gnu-tools-for-stm32.10.3-2021.10.win32_1.0.0.202111181127/tools/bin/../lib/gcc/arm-none-eabi/10.3.1/../../../../arm-none-eabi/lib/thumb/v7-m/nofp\libm.a(lib_a-s_fabs.o)
 .ARM.attributes
                0x00000000000004a3       0x2d c:/st/stm32cubeide_1.10.1/stm32cubeide/plugins/com.st.stm32cube.ide.mcu.externaltools.gnu-tools-for-stm32.10.3-2021.10.win32_1.0.0.202111181127/tools/bin/../lib/gcc/arm-none-eabi/10.3.1/../../../../arm-none-eabi/lib/thumb/v7-m/nofp\libm.a(lib_a-s_sin.o)
 .ARM.attributes
                0x00000000000004d0       0x2d c:/st/stm32cubeide_1.10.1/stm32cubeide/plugins/com.st.stm32cube.ide.mcu.externaltools.gnu-tools-for-stm32.10.3-2021.10.win32_1.0.0.202111181127/tools/bin/../lib/gcc/arm-none-eabi/10.3.1/../../../../arm-none-eabi/lib/thumb/v7-m/nofp\libm.a(lib_a-e_rem_pio2.o)
 .ARM.attributes
                0x00000000000004fd       0x2d c:/st/stm32cubeide_1.10.1/stm32cubeide/plugins/com.st.stm32cube.ide.mcu.externaltools.gnu-tools-for-stm32.10.3-2021.10.win32_1.0.0.202111181127/tools/bin/../lib/gcc/arm-none-eabi/10.3.1/../../../../arm-none-eabi/lib/thumb/v7-m/nofp\libm.a(lib_a-k_cos.o)
 .ARM.attributes
                0x000000000000052a       0x2d c:/st/stm32cubeide_1.10.1/stm32cubeide/plugins/com.st.stm32cube.ide.mcu.externaltools.gnu-tools-for-stm32.10.3-2021.10.win32_1.0.0.202111181127/tools/bin/../lib/gcc/arm-none-eabi/10.3.1/../../../../arm-none-eabi/lib/thumb/v7-m/nofp\libm.a(lib_a-k_rem_pio2.o)
 .ARM.attributes
                0x0000000000000557       0x2d c:/st/stm32cubeide_1.10.1/stm32cubeide/plugins/com.st.stm32cube.ide.mcu.externaltools.gnu-tools-for-stm32.10.3-2021.10.win32_1.0.0.202111181127/tools/bin/../lib/gcc/arm-none-eabi/10.3.1/../../../../arm-none-eabi/lib/thumb/v7-m/nofp\libm.a(lib_a-k_sin.o)
 .ARM.attributes
                0x0000000000000584       0x2d c:/st/stm32cubeide_1.10.1/stm32cubeide/plugins/com.st.stm32cube.ide.mcu.externaltools.gnu-tools-for-stm32.10.3-2021.10.win32_1.0.0.202111181127/tools/bin/../lib/gcc/arm-none-eabi/10.3.1/../../../../arm-none-eabi/lib/thumb/v7-m/nofp\libm.a(lib_a-s_floor.o)
 .ARM.attributes
                0x00000000000005b1       0x2d c:/st/stm32cubeide_1.10.1/stm32cubeide/plugins/com.st.stm32cube.ide.mcu.externaltools.gnu-tools-for-stm32.10.3-2021.10.win32_1.0.0.202111181127/tools/bin/../lib/gcc/arm-none-eabi/10.3.1/../../../../arm-none-eabi/lib/thumb/v7-m/nofp\libm.a(lib_a-s_scalbn.o)
 .ARM.attributes
                0x00000000000005de       0x2d c:/st/stm32cubeide_1.10.1/stm32cubeide/plugins/com.st.stm32cube.ide.mcu.externaltools.gnu-tools-for-stm32.10.3-2021.10.win32_1.0.0.202111181127/tools/bin/../lib/gcc/arm-none-eabi/10.3.1/../../../../arm-none-eabi/lib/thumb/v7-m/nofp\libc_nano.a(lib_a-init.o)
 .ARM.attributes
                0x000000000000060b       0x2d c:/st/stm32cubeide_1.10.1/stm32cubeide/plugins/com.st.stm32cube.ide.mcu.externaltools.gnu-tools-for-stm32.10.3-2021.10.win32_1.0.0.202111181127/tools/bin/../lib/gcc/arm-none-eabi/10.3.1/../../../../arm-none-eabi/lib/thumb/v7-m/nofp\libc_nano.a(lib_a-memset.o)
 .ARM.attributes
                0x0000000000000638       0x1d c:/st/stm32cubeide_1.10.1/stm32cubeide/plugins/com.st.stm32cube.ide.mcu.externaltools.gnu-tools-for-stm32.10.3-2021.10.win32_1.0.0.202111181127/tools/bin/../lib/gcc/arm-none-eabi/10.3.1/thumb/v7-m/nofp\libgcc.a(_arm_addsubdf3.o)
 .ARM.attributes
                0x0000000000000655       0x1d c:/st/stm32cubeide_1.10.1/stm32cubeide/plugins/com.st.stm32cube.ide.mcu.externaltools.gnu-tools-for-stm32.10.3-2021.10.win32_1.0.0.202111181127/tools/bin/../lib/gcc/arm-none-eabi/10.3.1/thumb/v7-m/nofp\libgcc.a(_arm_muldivdf3.o)
 .ARM.attributes
                0x0000000000000672       0x1d c:/st/stm32cubeide_1.10.1/stm32cubeide/plugins/com.st.stm32cube.ide.mcu.externaltools.gnu-tools-for-stm32.10.3-2021.10.win32_1.0.0.202111181127/tools/bin/../lib/gcc/arm-none-eabi/10.3.1/thumb/v7-m/nofp\libgcc.a(_arm_cmpdf2.o)
 .ARM.attributes
                0x000000000000068f       0x1d c:/st/stm32cubeide_1.10.1/stm32cubeide/plugins/com.st.stm32cube.ide.mcu.externaltools.gnu-tools-for-stm32.10.3-2021.10.win32_1.0.0.202111181127/tools/bin/../lib/gcc/arm-none-eabi/10.3.1/thumb/v7-m/nofp\libgcc.a(_arm_fixdfsi.o)
 .ARM.attributes
                0x00000000000006ac       0x1d c:/st/stm32cubeide_1.10.1/stm32cubeide/plugins/com.st.stm32cube.ide.mcu.externaltools.gnu-tools-for-stm32.10.3-2021.10.win32_1.0.0.202111181127/tools/bin/../lib/gcc/arm-none-eabi/10.3.1/thumb/v7-m/nofp\libgcc.a(_arm_truncdfsf2.o)
 .ARM.attributes
                0x00000000000006c9       0x1d c:/st/stm32cubeide_1.10.1/stm32cubeide/plugins/com.st.stm32cube.ide.mcu.externaltools.gnu-tools-for-stm32.10.3-2021.10.win32_1.0.0.202111181127/tools/bin/../lib/gcc/arm-none-eabi/10.3.1/thumb/v7-m/nofp\libgcc.a(_arm_addsubsf3.o)
 .ARM.attributes
                0x00000000000006e6       0x1d c:/st/stm32cubeide_1.10.1/stm32cubeide/plugins/com.st.stm32cube.ide.mcu.externaltools.gnu-tools-for-stm32.10.3-2021.10.win32_1.0.0.202111181127/tools/bin/../lib/gcc/arm-none-eabi/10.3.1/thumb/v7-m/nofp\libgcc.a(_arm_muldivsf3.o)
 .ARM.attributes
                0x0000000000000703       0x1d c:/st/stm32cubeide_1.10.1/stm32cubeide/plugins/com.st.stm32cube.ide.mcu.externaltools.gnu-tools-for-stm32.10.3-2021.10.win32_1.0.0.202111181127/tools/bin/../lib/gcc/arm-none-eabi/10.3.1/thumb/v7-m/nofp\libgcc.a(_arm_cmpsf2.o)
 .ARM.attributes
                0x0000000000000720       0x1d c:/st/stm32cubeide_1.10.1/stm32cubeide/plugins/com.st.stm32cube.ide.mcu.externaltools.gnu-tools-for-stm32.10.3-2021.10.win32_1.0.0.202111181127/tools/bin/../lib/gcc/arm-none-eabi/10.3.1/thumb/v7-m/nofp\libgcc.a(_arm_fixsfsi.o)
 .ARM.attributes
                0x000000000000073d       0x1d c:/st/stm32cubeide_1.10.1/stm32cubeide/plugins/com.st.stm32cube.ide.mcu.externaltools.gnu-tools-for-stm32.10.3-2021.10.win32_1.0.0.202111181127/tools/bin/../lib/gcc/arm-none-eabi/10.3.1/thumb/v7-m/nofp\libgcc.a(_arm_fixunssfsi.o)
 .ARM.attributes
                0x000000000000075a       0x1d c:/st/stm32cubeide_1.10.1/stm32cubeide/plugins/com.st.stm32cube.ide.mcu.externaltools.gnu-tools-for-stm32.10.3-2021.10.win32_1.0.0.202111181127/tools/bin/../lib/gcc/arm-none-eabi/10.3.1/thumb/v7-m/nofp/crtn.o
OUTPUT(car.elf elf32-littlearm)
LOAD linker stubs
LOAD c:/st/stm32cubeide_1.10.1/stm32cubeide/plugins/com.st.stm32cube.ide.mcu.externaltools.gnu-tools-for-stm32.10.3-2021.10.win32_1.0.0.202111181127/tools/bin/../lib/gcc/arm-none-eabi/10.3.1/../../../../arm-none-eabi/lib/thumb/v7-m/nofp\libc.a
LOAD c:/st/stm32cubeide_1.10.1/stm32cubeide/plugins/com.st.stm32cube.ide.mcu.externaltools.gnu-tools-for-stm32.10.3-2021.10.win32_1.0.0.202111181127/tools/bin/../lib/gcc/arm-none-eabi/10.3.1/../../../../arm-none-eabi/lib/thumb/v7-m/nofp\libm.a
LOAD c:/st/stm32cubeide_1.10.1/stm32cubeide/plugins/com.st.stm32cube.ide.mcu.externaltools.gnu-tools-for-stm32.10.3-2021.10.win32_1.0.0.202111181127/tools/bin/../lib/gcc/arm-none-eabi/10.3.1/thumb/v7-m/nofp\libgcc.a

.debug_info     0x0000000000000000     0xf0a1
 .debug_info    0x0000000000000000      0x8fa ./Core/Src/color_sensor.o
 .debug_info    0x00000000000008fa     0x10db ./Core/Src/control.o
 .debug_info    0x00000000000019d5      0x779 ./Core/Src/line_sensor.o
 .debug_info    0x000000000000214e     0x1dec ./Core/Src/main.o
 .debug_info    0x0000000000003f3a      0xa06 ./Core/Src/motor.o
 .debug_info    0x0000000000004940      0x14d ./Core/Src/moving_average.o
 .debug_info    0x0000000000004a8d      0x475 ./Core/Src/pid_controller.o
 .debug_info    0x0000000000004f02      0xf36 ./Core/Src/stm32f1xx_hal_msp.o
 .debug_info    0x0000000000005e38      0xa0a ./Core/Src/stm32f1xx_it.o
 .debug_info    0x0000000000006842      0x23d ./Core/Src/system_stm32f1xx.o
 .debug_info    0x0000000000006a7f      0x104 ./Core/Src/utils.o
 .debug_info    0x0000000000006b83       0x22 ./Core/Startup/startup_stm32f103c8tx.o
 .debug_info    0x0000000000006ba5      0x734 ./Drivers/STM32F1xx_HAL_Driver/Src/stm32f1xx_hal.o
 .debug_info    0x00000000000072d9      0xcfe ./Drivers/STM32F1xx_HAL_Driver/Src/stm32f1xx_hal_adc.o
 .debug_info    0x0000000000007fd7      0xa94 ./Drivers/STM32F1xx_HAL_Driver/Src/stm32f1xx_hal_adc_ex.o
 .debug_info    0x0000000000008a6b      0xb20 ./Drivers/STM32F1xx_HAL_Driver/Src/stm32f1xx_hal_cortex.o
 .debug_info    0x000000000000958b      0x744 ./Drivers/STM32F1xx_HAL_Driver/Src/stm32f1xx_hal_dma.o
 .debug_info    0x0000000000009ccf      0x615 ./Drivers/STM32F1xx_HAL_Driver/Src/stm32f1xx_hal_gpio.o
 .debug_info    0x000000000000a2e4      0x865 ./Drivers/STM32F1xx_HAL_Driver/Src/stm32f1xx_hal_rcc.o
 .debug_info    0x000000000000ab49      0x3e6 ./Drivers/STM32F1xx_HAL_Driver/Src/stm32f1xx_hal_rcc_ex.o
 .debug_info    0x000000000000af2f     0x2bab ./Drivers/STM32F1xx_HAL_Driver/Src/stm32f1xx_hal_tim.o
 .debug_info    0x000000000000dada     0x15c7 ./Drivers/STM32F1xx_HAL_Driver/Src/stm32f1xx_hal_tim_ex.o

.debug_abbrev   0x0000000000000000     0x28a1
 .debug_abbrev  0x0000000000000000      0x1ec ./Core/Src/color_sensor.o
 .debug_abbrev  0x00000000000001ec      0x249 ./Core/Src/control.o
 .debug_abbrev  0x0000000000000435      0x1df ./Core/Src/line_sensor.o
 .debug_abbrev  0x0000000000000614      0x2dc ./Core/Src/main.o
 .debug_abbrev  0x00000000000008f0      0x1ef ./Core/Src/motor.o
 .debug_abbrev  0x0000000000000adf       0xeb ./Core/Src/moving_average.o
 .debug_abbrev  0x0000000000000bca      0x124 ./Core/Src/pid_controller.o
 .debug_abbrev  0x0000000000000cee      0x240 ./Core/Src/stm32f1xx_hal_msp.o
 .debug_abbrev  0x0000000000000f2e      0x1af ./Core/Src/stm32f1xx_it.o
 .debug_abbrev  0x00000000000010dd      0x13b ./Core/Src/system_stm32f1xx.o
 .debug_abbrev  0x0000000000001218       0x98 ./Core/Src/utils.o
 .debug_abbrev  0x00000000000012b0       0x12 ./Core/Startup/startup_stm32f103c8tx.o
 .debug_abbrev  0x00000000000012c2      0x1fb ./Drivers/STM32F1xx_HAL_Driver/Src/stm32f1xx_hal.o
 .debug_abbrev  0x00000000000014bd      0x210 ./Drivers/STM32F1xx_HAL_Driver/Src/stm32f1xx_hal_adc.o
 .debug_abbrev  0x00000000000016cd      0x234 ./Drivers/STM32F1xx_HAL_Driver/Src/stm32f1xx_hal_adc_ex.o
 .debug_abbrev  0x0000000000001901      0x2ed ./Drivers/STM32F1xx_HAL_Driver/Src/stm32f1xx_hal_cortex.o
 .debug_abbrev  0x0000000000001bee      0x1fe ./Drivers/STM32F1xx_HAL_Driver/Src/stm32f1xx_hal_dma.o
 .debug_abbrev  0x0000000000001dec      0x1bb ./Drivers/STM32F1xx_HAL_Driver/Src/stm32f1xx_hal_gpio.o
 .debug_abbrev  0x0000000000001fa7      0x2a8 ./Drivers/STM32F1xx_HAL_Driver/Src/stm32f1xx_hal_rcc.o
 .debug_abbrev  0x000000000000224f      0x182 ./Drivers/STM32F1xx_HAL_Driver/Src/stm32f1xx_hal_rcc_ex.o
 .debug_abbrev  0x00000000000023d1      0x264 ./Drivers/STM32F1xx_HAL_Driver/Src/stm32f1xx_hal_tim.o
 .debug_abbrev  0x0000000000002635      0x26c ./Drivers/STM32F1xx_HAL_Driver/Src/stm32f1xx_hal_tim_ex.o

.debug_aranges  0x0000000000000000      0xd90
 .debug_aranges
                0x0000000000000000       0x30 ./Core/Src/color_sensor.o
 .debug_aranges
                0x0000000000000030       0x30 ./Core/Src/control.o
 .debug_aranges
                0x0000000000000060       0x30 ./Core/Src/line_sensor.o
 .debug_aranges
                0x0000000000000090       0x78 ./Core/Src/main.o
 .debug_aranges
                0x0000000000000108       0x60 ./Core/Src/motor.o
 .debug_aranges
                0x0000000000000168       0x28 ./Core/Src/moving_average.o
 .debug_aranges
                0x0000000000000190       0x68 ./Core/Src/pid_controller.o
 .debug_aranges
                0x00000000000001f8       0x58 ./Core/Src/stm32f1xx_hal_msp.o
 .debug_aranges
                0x0000000000000250       0xa8 ./Core/Src/stm32f1xx_it.o
 .debug_aranges
                0x00000000000002f8       0x28 ./Core/Src/system_stm32f1xx.o
 .debug_aranges
                0x0000000000000320       0x28 ./Core/Src/utils.o
 .debug_aranges
                0x0000000000000348       0x28 ./Core/Startup/startup_stm32f103c8tx.o
 .debug_aranges
                0x0000000000000370       0xe0 ./Drivers/STM32F1xx_HAL_Driver/Src/stm32f1xx_hal.o
 .debug_aranges
                0x0000000000000450       0xf0 ./Drivers/STM32F1xx_HAL_Driver/Src/stm32f1xx_hal_adc.o
 .debug_aranges
                0x0000000000000540       0x80 ./Drivers/STM32F1xx_HAL_Driver/Src/stm32f1xx_hal_adc_ex.o
 .debug_aranges
                0x00000000000005c0      0x100 ./Drivers/STM32F1xx_HAL_Driver/Src/stm32f1xx_hal_cortex.o
 .debug_aranges
                0x00000000000006c0       0x80 ./Drivers/STM32F1xx_HAL_Driver/Src/stm32f1xx_hal_dma.o
 .debug_aranges
                0x0000000000000740       0x58 ./Drivers/STM32F1xx_HAL_Driver/Src/stm32f1xx_hal_gpio.o
 .debug_aranges
                0x0000000000000798       0x90 ./Drivers/STM32F1xx_HAL_Driver/Src/stm32f1xx_hal_rcc.o
 .debug_aranges
                0x0000000000000828       0x30 ./Drivers/STM32F1xx_HAL_Driver/Src/stm32f1xx_hal_rcc_ex.o
 .debug_aranges
                0x0000000000000858      0x3d0 ./Drivers/STM32F1xx_HAL_Driver/Src/stm32f1xx_hal_tim.o
 .debug_aranges
                0x0000000000000c28      0x168 ./Drivers/STM32F1xx_HAL_Driver/Src/stm32f1xx_hal_tim_ex.o

.debug_ranges   0x0000000000000000      0xc58
 .debug_ranges  0x0000000000000000       0x20 ./Core/Src/color_sensor.o
 .debug_ranges  0x0000000000000020       0x40 ./Core/Src/control.o
 .debug_ranges  0x0000000000000060       0x20 ./Core/Src/line_sensor.o
 .debug_ranges  0x0000000000000080       0x68 ./Core/Src/main.o
 .debug_ranges  0x00000000000000e8       0x50 ./Core/Src/motor.o
 .debug_ranges  0x0000000000000138       0x18 ./Core/Src/moving_average.o
 .debug_ranges  0x0000000000000150       0x58 ./Core/Src/pid_controller.o
 .debug_ranges  0x00000000000001a8       0x48 ./Core/Src/stm32f1xx_hal_msp.o
 .debug_ranges  0x00000000000001f0       0x98 ./Core/Src/stm32f1xx_it.o
 .debug_ranges  0x0000000000000288       0x18 ./Core/Src/system_stm32f1xx.o
 .debug_ranges  0x00000000000002a0       0x18 ./Core/Src/utils.o
 .debug_ranges  0x00000000000002b8       0x20 ./Core/Startup/startup_stm32f103c8tx.o
 .debug_ranges  0x00000000000002d8       0xd0 ./Drivers/STM32F1xx_HAL_Driver/Src/stm32f1xx_hal.o
 .debug_ranges  0x00000000000003a8       0xe0 ./Drivers/STM32F1xx_HAL_Driver/Src/stm32f1xx_hal_adc.o
 .debug_ranges  0x0000000000000488       0x70 ./Drivers/STM32F1xx_HAL_Driver/Src/stm32f1xx_hal_adc_ex.o
 .debug_ranges  0x00000000000004f8       0xf0 ./Drivers/STM32F1xx_HAL_Driver/Src/stm32f1xx_hal_cortex.o
 .debug_ranges  0x00000000000005e8       0x70 ./Drivers/STM32F1xx_HAL_Driver/Src/stm32f1xx_hal_dma.o
 .debug_ranges  0x0000000000000658       0x48 ./Drivers/STM32F1xx_HAL_Driver/Src/stm32f1xx_hal_gpio.o
 .debug_ranges  0x00000000000006a0       0x80 ./Drivers/STM32F1xx_HAL_Driver/Src/stm32f1xx_hal_rcc.o
 .debug_ranges  0x0000000000000720       0x20 ./Drivers/STM32F1xx_HAL_Driver/Src/stm32f1xx_hal_rcc_ex.o
 .debug_ranges  0x0000000000000740      0x3c0 ./Drivers/STM32F1xx_HAL_Driver/Src/stm32f1xx_hal_tim.o
 .debug_ranges  0x0000000000000b00      0x158 ./Drivers/STM32F1xx_HAL_Driver/Src/stm32f1xx_hal_tim_ex.o

.debug_macro    0x0000000000000000    0x18a12
 .debug_macro   0x0000000000000000      0x1c1 ./Core/Src/color_sensor.o
 .debug_macro   0x00000000000001c1      0xa6c ./Core/Src/color_sensor.o
 .debug_macro   0x0000000000000c2d      0x221 ./Core/Src/color_sensor.o
 .debug_macro   0x0000000000000e4e       0x2e ./Core/Src/color_sensor.o
 .debug_macro   0x0000000000000e7c       0x22 ./Core/Src/color_sensor.o
 .debug_macro   0x0000000000000e9e       0x22 ./Core/Src/color_sensor.o
 .debug_macro   0x0000000000000ec0       0x8e ./Core/Src/color_sensor.o
 .debug_macro   0x0000000000000f4e       0x51 ./Core/Src/color_sensor.o
 .debug_macro   0x0000000000000f9f      0x103 ./Core/Src/color_sensor.o
 .debug_macro   0x00000000000010a2       0x6a ./Core/Src/color_sensor.o
 .debug_macro   0x000000000000110c      0x1df ./Core/Src/color_sensor.o
 .debug_macro   0x00000000000012eb       0x1c ./Core/Src/color_sensor.o
 .debug_macro   0x0000000000001307       0x22 ./Core/Src/color_sensor.o
 .debug_macro   0x0000000000001329       0xbd ./Core/Src/color_sensor.o
 .debug_macro   0x00000000000013e6      0xd23 ./Core/Src/color_sensor.o
 .debug_macro   0x0000000000002109     0xe09e ./Core/Src/color_sensor.o
 .debug_macro   0x00000000000101a7       0x6d ./Core/Src/color_sensor.o
 .debug_macro   0x0000000000010214     0x348d ./Core/Src/color_sensor.o
 .debug_macro   0x00000000000136a1      0x174 ./Core/Src/color_sensor.o
 .debug_macro   0x0000000000013815       0x5c ./Core/Src/color_sensor.o
 .debug_macro   0x0000000000013871      0x5bc ./Core/Src/color_sensor.o
 .debug_macro   0x0000000000013e2d      0x289 ./Core/Src/color_sensor.o
 .debug_macro   0x00000000000140b6      0x1cb ./Core/Src/color_sensor.o
 .debug_macro   0x0000000000014281      0x114 ./Core/Src/color_sensor.o
 .debug_macro   0x0000000000014395      0x1b2 ./Core/Src/color_sensor.o
 .debug_macro   0x0000000000014547       0x27 ./Core/Src/color_sensor.o
 .debug_macro   0x000000000001456e      0x136 ./Core/Src/color_sensor.o
 .debug_macro   0x00000000000146a4      0x1bc ./Core/Src/color_sensor.o
 .debug_macro   0x0000000000014860       0x34 ./Core/Src/color_sensor.o
 .debug_macro   0x0000000000014894       0x3c ./Core/Src/color_sensor.o
 .debug_macro   0x00000000000148d0       0x57 ./Core/Src/color_sensor.o
 .debug_macro   0x0000000000014927      0x46a ./Core/Src/color_sensor.o
 .debug_macro   0x0000000000014d91      0x1b5 ./Core/Src/color_sensor.o
 .debug_macro   0x0000000000014f46       0x87 ./Core/Src/color_sensor.o
 .debug_macro   0x0000000000014fcd      0x240 ./Core/Src/color_sensor.o
 .debug_macro   0x000000000001520d      0x140 ./Core/Src/color_sensor.o
 .debug_macro   0x000000000001534d      0x8ed ./Core/Src/color_sensor.o
 .debug_macro   0x0000000000015c3a       0x83 ./Core/Src/color_sensor.o
 .debug_macro   0x0000000000015cbd      0x2b4 ./Core/Src/control.o
 .debug_macro   0x0000000000015f71       0x28 ./Core/Src/control.o
 .debug_macro   0x0000000000015f99       0x52 ./Core/Src/control.o
 .debug_macro   0x0000000000015feb       0x18 ./Core/Src/control.o
 .debug_macro   0x0000000000016003       0x3c ./Core/Src/control.o
 .debug_macro   0x000000000001603f       0x34 ./Core/Src/control.o
 .debug_macro   0x0000000000016073       0x16 ./Core/Src/control.o
 .debug_macro   0x0000000000016089       0x43 ./Core/Src/control.o
 .debug_macro   0x00000000000160cc       0x34 ./Core/Src/control.o
 .debug_macro   0x0000000000016100       0x10 ./Core/Src/control.o
 .debug_macro   0x0000000000016110       0x58 ./Core/Src/control.o
 .debug_macro   0x0000000000016168       0x71 ./Core/Src/control.o
 .debug_macro   0x00000000000161d9       0x1c ./Core/Src/control.o
 .debug_macro   0x00000000000161f5      0x12a ./Core/Src/control.o
 .debug_macro   0x000000000001631f      0x341 ./Core/Src/control.o
 .debug_macro   0x0000000000016660      0x19b ./Core/Src/control.o
 .debug_macro   0x00000000000167fb       0x22 ./Core/Src/control.o
 .debug_macro   0x000000000001681d      0x27f ./Core/Src/line_sensor.o
 .debug_macro   0x0000000000016a9c      0x2d5 ./Core/Src/main.o
 .debug_macro   0x0000000000016d71       0x10 ./Core/Src/main.o
 .debug_macro   0x0000000000016d81      0x296 ./Core/Src/motor.o
 .debug_macro   0x0000000000017017       0x16 ./Core/Src/motor.o
 .debug_macro   0x000000000001702d       0x35 ./Core/Src/motor.o
 .debug_macro   0x0000000000017062       0x16 ./Core/Src/motor.o
 .debug_macro   0x0000000000017078       0x29 ./Core/Src/motor.o
 .debug_macro   0x00000000000170a1       0x73 ./Core/Src/moving_average.o
 .debug_macro   0x0000000000017114       0x7c ./Core/Src/pid_controller.o
 .debug_macro   0x0000000000017190      0x1b7 ./Core/Src/stm32f1xx_hal_msp.o
 .debug_macro   0x0000000000017347      0x1c1 ./Core/Src/stm32f1xx_it.o
 .debug_macro   0x0000000000017508      0x1ad ./Core/Src/system_stm32f1xx.o
 .debug_macro   0x00000000000176b5      0x1ca ./Core/Src/utils.o
 .debug_macro   0x000000000001787f      0x1d1 ./Drivers/STM32F1xx_HAL_Driver/Src/stm32f1xx_hal.o
 .debug_macro   0x0000000000017a50      0x1ca ./Drivers/STM32F1xx_HAL_Driver/Src/stm32f1xx_hal_adc.o
 .debug_macro   0x0000000000017c1a      0x1bf ./Drivers/STM32F1xx_HAL_Driver/Src/stm32f1xx_hal_adc_ex.o
 .debug_macro   0x0000000000017dd9      0x1ad ./Drivers/STM32F1xx_HAL_Driver/Src/stm32f1xx_hal_cortex.o
 .debug_macro   0x0000000000017f86      0x1ad ./Drivers/STM32F1xx_HAL_Driver/Src/stm32f1xx_hal_dma.o
 .debug_macro   0x0000000000018133      0x218 ./Drivers/STM32F1xx_HAL_Driver/Src/stm32f1xx_hal_gpio.o
 .debug_macro   0x000000000001834b      0x1bf ./Drivers/STM32F1xx_HAL_Driver/Src/stm32f1xx_hal_rcc.o
 .debug_macro   0x000000000001850a      0x1ad ./Drivers/STM32F1xx_HAL_Driver/Src/stm32f1xx_hal_rcc_ex.o
 .debug_macro   0x00000000000186b7      0x1ae ./Drivers/STM32F1xx_HAL_Driver/Src/stm32f1xx_hal_tim.o
 .debug_macro   0x0000000000018865      0x1ad ./Drivers/STM32F1xx_HAL_Driver/Src/stm32f1xx_hal_tim_ex.o

.debug_line     0x0000000000000000    0x1042b
 .debug_line    0x0000000000000000      0x721 ./Core/Src/color_sensor.o
 .debug_line    0x0000000000000721      0xa46 ./Core/Src/control.o
 .debug_line    0x0000000000001167      0x8e1 ./Core/Src/line_sensor.o
 .debug_line    0x0000000000001a48      0xc7c ./Core/Src/main.o
 .debug_line    0x00000000000026c4      0x9c2 ./Core/Src/motor.o
 .debug_line    0x0000000000003086      0x3fd ./Core/Src/moving_average.o
 .debug_line    0x0000000000003483      0x6b1 ./Core/Src/pid_controller.o
 .debug_line    0x0000000000003b34      0x814 ./Core/Src/stm32f1xx_hal_msp.o
 .debug_line    0x0000000000004348      0x825 ./Core/Src/stm32f1xx_it.o
 .debug_line    0x0000000000004b6d      0x709 ./Core/Src/system_stm32f1xx.o
 .debug_line    0x0000000000005276      0x6b7 ./Core/Src/utils.o
 .debug_line    0x000000000000592d       0x86 ./Core/Startup/startup_stm32f103c8tx.o
 .debug_line    0x00000000000059b3      0x936 ./Drivers/STM32F1xx_HAL_Driver/Src/stm32f1xx_hal.o
 .debug_line    0x00000000000062e9      0xfbb ./Drivers/STM32F1xx_HAL_Driver/Src/stm32f1xx_hal_adc.o
 .debug_line    0x00000000000072a4      0xcff ./Drivers/STM32F1xx_HAL_Driver/Src/stm32f1xx_hal_adc_ex.o
 .debug_line    0x0000000000007fa3      0xb1e ./Drivers/STM32F1xx_HAL_Driver/Src/stm32f1xx_hal_cortex.o
 .debug_line    0x0000000000008ac1      0xd8f ./Drivers/STM32F1xx_HAL_Driver/Src/stm32f1xx_hal_dma.o
 .debug_line    0x0000000000009850      0x9cf ./Drivers/STM32F1xx_HAL_Driver/Src/stm32f1xx_hal_gpio.o
 .debug_line    0x000000000000a21f      0xd42 ./Drivers/STM32F1xx_HAL_Driver/Src/stm32f1xx_hal_rcc.o
 .debug_line    0x000000000000af61      0x87d ./Drivers/STM32F1xx_HAL_Driver/Src/stm32f1xx_hal_rcc_ex.o
 .debug_line    0x000000000000b7de     0x33c1 ./Drivers/STM32F1xx_HAL_Driver/Src/stm32f1xx_hal_tim.o
 .debug_line    0x000000000000eb9f     0x188c ./Drivers/STM32F1xx_HAL_Driver/Src/stm32f1xx_hal_tim_ex.o

.debug_str      0x0000000000000000    0x8d4a6
 .debug_str     0x0000000000000000    0x86483 ./Core/Src/color_sensor.o
                                      0x8687c (size before relaxing)
 .debug_str     0x0000000000086483     0x3afd ./Core/Src/control.o
                                      0x8a32c (size before relaxing)
 .debug_str     0x0000000000089f80       0x80 ./Core/Src/line_sensor.o
                                      0x89c6b (size before relaxing)
 .debug_str     0x000000000008a000      0xb3c ./Core/Src/main.o
                                      0x8ae5b (size before relaxing)
 .debug_str     0x000000000008ab3c      0x199 ./Core/Src/motor.o
                                      0x897f1 (size before relaxing)
 .debug_str     0x000000000008acd5       0x34 ./Core/Src/moving_average.o
                                       0x3c36 (size before relaxing)
 .debug_str     0x000000000008ad09      0x11d ./Core/Src/pid_controller.o
                                       0x3de2 (size before relaxing)
 .debug_str     0x000000000008ae26      0x131 ./Core/Src/stm32f1xx_hal_msp.o
                                      0x86d20 (size before relaxing)
 .debug_str     0x000000000008af57      0x15e ./Core/Src/stm32f1xx_it.o
                                      0x869a6 (size before relaxing)
 .debug_str     0x000000000008b0b5       0x7e ./Core/Src/system_stm32f1xx.o
                                      0x862b9 (size before relaxing)
 .debug_str     0x000000000008b133       0x1b ./Core/Src/utils.o
                                      0x8629b (size before relaxing)
 .debug_str     0x000000000008b14e       0x36 ./Core/Startup/startup_stm32f103c8tx.o
                                         0x51 (size before relaxing)
 .debug_str     0x000000000008b184      0x384 ./Drivers/STM32F1xx_HAL_Driver/Src/stm32f1xx_hal.o
                                      0x869ec (size before relaxing)
 .debug_str     0x000000000008b508      0x37b ./Drivers/STM32F1xx_HAL_Driver/Src/stm32f1xx_hal_adc.o
                                      0x8699d (size before relaxing)
 .debug_str     0x000000000008b883      0x2d8 ./Drivers/STM32F1xx_HAL_Driver/Src/stm32f1xx_hal_adc_ex.o
                                      0x8696d (size before relaxing)
 .debug_str     0x000000000008bb5b      0x28a ./Drivers/STM32F1xx_HAL_Driver/Src/stm32f1xx_hal_cortex.o
                                      0x86938 (size before relaxing)
 .debug_str     0x000000000008bde5      0x1e7 ./Drivers/STM32F1xx_HAL_Driver/Src/stm32f1xx_hal_dma.o
                                      0x86662 (size before relaxing)
 .debug_str     0x000000000008bfcc      0x2ce ./Drivers/STM32F1xx_HAL_Driver/Src/stm32f1xx_hal_gpio.o
                                      0x8663f (size before relaxing)
 .debug_str     0x000000000008c29a      0x229 ./Drivers/STM32F1xx_HAL_Driver/Src/stm32f1xx_hal_rcc.o
                                      0x866e8 (size before relaxing)
 .debug_str     0x000000000008c4c3       0x7a ./Drivers/STM32F1xx_HAL_Driver/Src/stm32f1xx_hal_rcc_ex.o
                                      0x86438 (size before relaxing)
 .debug_str     0x000000000008c53d      0xb88 ./Drivers/STM32F1xx_HAL_Driver/Src/stm32f1xx_hal_tim.o
                                      0x876da (size before relaxing)
 .debug_str     0x000000000008d0c5      0x3e1 ./Drivers/STM32F1xx_HAL_Driver/Src/stm32f1xx_hal_tim_ex.o
                                      0x86ef6 (size before relaxing)

.comment        0x0000000000000000       0x50
 .comment       0x0000000000000000       0x50 ./Core/Src/color_sensor.o
                                         0x51 (size before relaxing)
 .comment       0x0000000000000050       0x51 ./Core/Src/control.o
 .comment       0x0000000000000050       0x51 ./Core/Src/line_sensor.o
 .comment       0x0000000000000050       0x51 ./Core/Src/main.o
 .comment       0x0000000000000050       0x51 ./Core/Src/motor.o
 .comment       0x0000000000000050       0x51 ./Core/Src/moving_average.o
 .comment       0x0000000000000050       0x51 ./Core/Src/pid_controller.o
 .comment       0x0000000000000050       0x51 ./Core/Src/stm32f1xx_hal_msp.o
 .comment       0x0000000000000050       0x51 ./Core/Src/stm32f1xx_it.o
 .comment       0x0000000000000050       0x51 ./Core/Src/system_stm32f1xx.o
 .comment       0x0000000000000050       0x51 ./Core/Src/utils.o
 .comment       0x0000000000000050       0x51 ./Drivers/STM32F1xx_HAL_Driver/Src/stm32f1xx_hal.o
 .comment       0x0000000000000050       0x51 ./Drivers/STM32F1xx_HAL_Driver/Src/stm32f1xx_hal_adc.o
 .comment       0x0000000000000050       0x51 ./Drivers/STM32F1xx_HAL_Driver/Src/stm32f1xx_hal_adc_ex.o
 .comment       0x0000000000000050       0x51 ./Drivers/STM32F1xx_HAL_Driver/Src/stm32f1xx_hal_cortex.o
 .comment       0x0000000000000050       0x51 ./Drivers/STM32F1xx_HAL_Driver/Src/stm32f1xx_hal_dma.o
 .comment       0x0000000000000050       0x51 ./Drivers/STM32F1xx_HAL_Driver/Src/stm32f1xx_hal_gpio.o
 .comment       0x0000000000000050       0x51 ./Drivers/STM32F1xx_HAL_Driver/Src/stm32f1xx_hal_rcc.o
 .comment       0x0000000000000050       0x51 ./Drivers/STM32F1xx_HAL_Driver/Src/stm32f1xx_hal_rcc_ex.o
 .comment       0x0000000000000050       0x51 ./Drivers/STM32F1xx_HAL_Driver/Src/stm32f1xx_hal_tim.o
 .comment       0x0000000000000050       0x51 ./Drivers/STM32F1xx_HAL_Driver/Src/stm32f1xx_hal_tim_ex.o

.debug_frame    0x0000000000000000     0x3bc0
 .debug_frame   0x0000000000000000       0x80 ./Core/Src/color_sensor.o
 .debug_frame   0x0000000000000080       0x8c ./Core/Src/control.o
 .debug_frame   0x000000000000010c       0x7c ./Core/Src/line_sensor.o
 .debug_frame   0x0000000000000188      0x1b8 ./Core/Src/main.o
 .debug_frame   0x0000000000000340      0x15c ./Core/Src/motor.o
 .debug_frame   0x000000000000049c       0x60 ./Core/Src/moving_average.o
 .debug_frame   0x00000000000004fc      0x180 ./Core/Src/pid_controller.o
 .debug_frame   0x000000000000067c      0x134 ./Core/Src/stm32f1xx_hal_msp.o
 .debug_frame   0x00000000000007b0      0x200 ./Core/Src/stm32f1xx_it.o
 .debug_frame   0x00000000000009b0       0x58 ./Core/Src/system_stm32f1xx.o
 .debug_frame   0x0000000000000a08       0x58 ./Core/Src/utils.o
 .debug_frame   0x0000000000000a60      0x334 ./Drivers/STM32F1xx_HAL_Driver/Src/stm32f1xx_hal.o
 .debug_frame   0x0000000000000d94      0x40c ./Drivers/STM32F1xx_HAL_Driver/Src/stm32f1xx_hal_adc.o
 .debug_frame   0x00000000000011a0      0x200 ./Drivers/STM32F1xx_HAL_Driver/Src/stm32f1xx_hal_adc_ex.o
 .debug_frame   0x00000000000013a0      0x428 ./Drivers/STM32F1xx_HAL_Driver/Src/stm32f1xx_hal_cortex.o
 .debug_frame   0x00000000000017c8      0x208 ./Drivers/STM32F1xx_HAL_Driver/Src/stm32f1xx_hal_dma.o
 .debug_frame   0x00000000000019d0      0x14c ./Drivers/STM32F1xx_HAL_Driver/Src/stm32f1xx_hal_gpio.o
 .debug_frame   0x0000000000001b1c      0x218 ./Drivers/STM32F1xx_HAL_Driver/Src/stm32f1xx_hal_rcc.o
 .debug_frame   0x0000000000001d34       0x80 ./Drivers/STM32F1xx_HAL_Driver/Src/stm32f1xx_hal_rcc_ex.o
 .debug_frame   0x0000000000001db4     0x11bc ./Drivers/STM32F1xx_HAL_Driver/Src/stm32f1xx_hal_tim.o
 .debug_frame   0x0000000000002f70      0x638 ./Drivers/STM32F1xx_HAL_Driver/Src/stm32f1xx_hal_tim_ex.o
 .debug_frame   0x00000000000035a8       0x38 c:/st/stm32cubeide_1.10.1/stm32cubeide/plugins/com.st.stm32cube.ide.mcu.externaltools.gnu-tools-for-stm32.10.3-2021.10.win32_1.0.0.202111181127/tools/bin/../lib/gcc/arm-none-eabi/10.3.1/../../../../arm-none-eabi/lib/thumb/v7-m/nofp\libm.a(lib_a-s_atan.o)
 .debug_frame   0x00000000000035e0       0x40 c:/st/stm32cubeide_1.10.1/stm32cubeide/plugins/com.st.stm32cube.ide.mcu.externaltools.gnu-tools-for-stm32.10.3-2021.10.win32_1.0.0.202111181127/tools/bin/../lib/gcc/arm-none-eabi/10.3.1/../../../../arm-none-eabi/lib/thumb/v7-m/nofp\libm.a(lib_a-s_cos.o)
 .debug_frame   0x0000000000003620       0x20 c:/st/stm32cubeide_1.10.1/stm32cubeide/plugins/com.st.stm32cube.ide.mcu.externaltools.gnu-tools-for-stm32.10.3-2021.10.win32_1.0.0.202111181127/tools/bin/../lib/gcc/arm-none-eabi/10.3.1/../../../../arm-none-eabi/lib/thumb/v7-m/nofp\libm.a(lib_a-s_fabs.o)
 .debug_frame   0x0000000000003640       0x34 c:/st/stm32cubeide_1.10.1/stm32cubeide/plugins/com.st.stm32cube.ide.mcu.externaltools.gnu-tools-for-stm32.10.3-2021.10.win32_1.0.0.202111181127/tools/bin/../lib/gcc/arm-none-eabi/10.3.1/../../../../arm-none-eabi/lib/thumb/v7-m/nofp\libm.a(lib_a-s_sin.o)