../Core/Src/motor.c:6:13:motor_setDutyCycle	24	static
../Core/Src/motor.c:12:6:motor_init	16	static
../Core/Src/motor.c:18:6:motor_stopMotor	16	static
../Core/Src/motor.c:23:6:motor_standByMode	8	static
../Core/Src/motor.c:27:6:motor_setMotorPWM	16	static
../Core/Src/motor.c:40:6:motor_readEncoder	16	static
../Core/Src/motor.c:46:6:motor_calculateRPM	24	static
../Core/Src/motor.c:61:6:pid_init	16	static
../Core/Src/motor.c:76:7:pid_calculation	32	static
../Core/Src/motor.c:121:6:motor_calculateSpeed	16	static
